10:29:26 **** Incremental Build of configuration Debug for project NUCLEO-G491RE_Myproject ****
make -j6 all 
arm-none-eabi-size   NUCLEO-G491RE_Myproject.elf 
   text	   data	    bss	    dec	    hex	filename
  35644	    136	  84728	 120508	  1d6bc	NUCLEO-G491RE_Myproject.elf
Finished building: default.size.stdout
 
10:29:47 **** Incremental Build of configuration Debug for project NUCLEO-G491RE_Myproject ****
make -j6 all 
arm-none-eabi-size   NUCLEO-G491RE_Myproject.elf 
   text	   data	    bss	    dec	    hex	filename
  35644	    136	  84728	 120508	  1d6bc	NUCLEO-G491RE_Myproject.elf
Finished building: default.size.stdout
 
10:32:03 **** Incremental Build of configuration Debug for project NUCLEO-G491RE_Myproject ****
make -j6 all 
arm-none-eabi-gcc "../Core/Src/main.c" -mcpu=cortex-m4 -std=gnu11 -g3 -DDEBUG -DUSE_HAL_DRIVER -DSTM32G491xx -c -I../Core/Inc -I"C:/Projects/pt61/RTOS_workspace08062022/RTOS_workspace02062022/RTOS_workspace/NUCLEO-G491RE_Myproject/ThirdParty/SEGGER/Rec" -I"C:/Projects/pt61/RTOS_workspace08062022/RTOS_workspace02062022/RTOS_workspace/NUCLEO-G491RE_Myproject/ThirdParty/SEGGER/Config" -I"C:/Projects/pt61/RTOS_workspace08062022/RTOS_workspace02062022/RTOS_workspace/NUCLEO-G491RE_Myproject/ThirdParty/SEGGER/OS" -I"C:/Projects/pt61/RTOS_workspace08062022/RTOS_workspace02062022/RTOS_workspace/NUCLEO-G491RE_Myproject/ThirdParty/SEGGER/SEGGER" -I"C:/Projects/pt61/RTOS_workspace08062022/RTOS_workspace02062022/RTOS_workspace/NUCLEO-G491RE_Myproject/ThirdParty/FreeRTOS" -I"C:/Projects/pt61/RTOS_workspace08062022/RTOS_workspace02062022/RTOS_workspace/NUCLEO-G491RE_Myproject/ThirdParty/FreeRTOS/portable/GCC/ARM_CM4F" -I"C:/Projects/pt61/RTOS_workspace08062022/RTOS_workspace02062022/RTOS_workspace/NUCLEO-G491RE_Myproject/ThirdParty/FreeRTOS/include" -I../Drivers/STM32G4xx_HAL_Driver/Inc -I../Drivers/STM32G4xx_HAL_Driver/Inc/Legacy -I../Drivers/CMSIS/Device/ST/STM32G4xx/Include -I../Drivers/CMSIS/Include -O0 -ffunction-sections -fdata-sections -Wall -fstack-usage -MMD -MP -MF"Core/Src/main.d" -MT"Core/Src/main.o" --specs=nano.specs -mfpu=fpv4-sp-d16 -mfloat-abi=hard -mthumb -o "Core/Src/main.o"
../Core/Src/main.c: In function 'task1_handler':
../Core/Src/main.c:285:21: warning: format '%s' expects argument of type 'char *', but argument 4 has type 'void *' [-Wformat=]
  285 |  snprintf(msg,100,"%s\n",parameters);
      |                    ~^    ~~~~~~~~~~
      |                     |    |
      |                     |    void *
      |                     char *
      |                    %p
arm-none-eabi-gcc -o "NUCLEO-G491RE_Myproject.elf" @"objects.list"   -mcpu=cortex-m4 -T"C:\Projects\pt61\RTOS_workspace08062022\RTOS_workspace02062022\RTOS_workspace\NUCLEO-G491RE_Myproject\STM32G491RETX_FLASH.ld" --specs=nosys.specs -Wl,-Map="NUCLEO-G491RE_Myproject.map" -Wl,--gc-sections -static --specs=nano.specs -mfpu=fpv4-sp-d16 -mfloat-abi=hard -mthumb -Wl,--start-group -lc -lm -Wl,--end-group
Finished building target: NUCLEO-G491RE_Myproject.elf
 
arm-none-eabi-size   NUCLEO-G491RE_Myproject.elf 
arm-none-eabi-objdump -h -S  NUCLEO-G491RE_Myproject.elf  > "NUCLEO-G491RE_Myproject.list"
   text	   data	    bss	    dec	    hex	filename
  35624	    136	  84728	 120488	  1d6a8	NUCLEO-G491RE_Myproject.elf
Finished building: default.size.stdout
 
Finished building: NUCLEO-G491RE_Myproject.list
 
10:33:15 **** Incremental Build of configuration Debug for project NUCLEO-G491RE_Myproject ****
make -j6 all 
arm-none-eabi-gcc "../Core/Src/main.c" -mcpu=cortex-m4 -std=gnu11 -g3 -DDEBUG -DUSE_HAL_DRIVER -DSTM32G491xx -c -I../Core/Inc -I"C:/Projects/pt61/RTOS_workspace08062022/RTOS_workspace02062022/RTOS_workspace/NUCLEO-G491RE_Myproject/ThirdParty/SEGGER/Rec" -I"C:/Projects/pt61/RTOS_workspace08062022/RTOS_workspace02062022/RTOS_workspace/NUCLEO-G491RE_Myproject/ThirdParty/SEGGER/Config" -I"C:/Projects/pt61/RTOS_workspace08062022/RTOS_workspace02062022/RTOS_workspace/NUCLEO-G491RE_Myproject/ThirdParty/SEGGER/OS" -I"C:/Projects/pt61/RTOS_workspace08062022/RTOS_workspace02062022/RTOS_workspace/NUCLEO-G491RE_Myproject/ThirdParty/SEGGER/SEGGER" -I"C:/Projects/pt61/RTOS_workspace08062022/RTOS_workspace02062022/RTOS_workspace/NUCLEO-G491RE_Myproject/ThirdParty/FreeRTOS" -I"C:/Projects/pt61/RTOS_workspace08062022/RTOS_workspace02062022/RTOS_workspace/NUCLEO-G491RE_Myproject/ThirdParty/FreeRTOS/portable/GCC/ARM_CM4F" -I"C:/Projects/pt61/RTOS_workspace08062022/RTOS_workspace02062022/RTOS_workspace/NUCLEO-G491RE_Myproject/ThirdParty/FreeRTOS/include" -I../Drivers/STM32G4xx_HAL_Driver/Inc -I../Drivers/STM32G4xx_HAL_Driver/Inc/Legacy -I../Drivers/CMSIS/Device/ST/STM32G4xx/Include -I../Drivers/CMSIS/Include -O0 -ffunction-sections -fdata-sections -Wall -fstack-usage -MMD -MP -MF"Core/Src/main.d" -MT"Core/Src/main.o" --specs=nano.specs -mfpu=fpv4-sp-d16 -mfloat-abi=hard -mthumb -o "Core/Src/main.o"
../Core/Src/main.c: In function 'task1_handler':
../Core/Src/main.c:285:21: warning: format '%s' expects argument of type 'char *', but argument 4 has type 'void *' [-Wformat=]
  285 |  snprintf(msg,100,"%s\n",parameters);
      |                    ~^    ~~~~~~~~~~
      |                     |    |
      |                     |    void *
      |                     char *
      |                    %p
arm-none-eabi-gcc -o "NUCLEO-G491RE_Myproject.elf" @"objects.list"   -mcpu=cortex-m4 -T"C:\Projects\pt61\RTOS_workspace08062022\RTOS_workspace02062022\RTOS_workspace\NUCLEO-G491RE_Myproject\STM32G491RETX_FLASH.ld" --specs=nosys.specs -Wl,-Map="NUCLEO-G491RE_Myproject.map" -Wl,--gc-sections -static --specs=nano.specs -mfpu=fpv4-sp-d16 -mfloat-abi=hard -mthumb -Wl,--start-group -lc -lm -Wl,--end-group
Finished building target: NUCLEO-G491RE_Myproject.elf
 
arm-none-eabi-size   NUCLEO-G491RE_Myproject.elf 
arm-none-eabi-objdump -h -S  NUCLEO-G491RE_Myproject.elf  > "NUCLEO-G491RE_Myproject.list"
   text	   data	    bss	    dec	    hex	filename
  35624	    136	  84728	 120488	  1d6a8	NUCLEO-G491RE_Myproject.elf
Finished building: default.size.stdout
 
Finished building: NUCLEO-G491RE_Myproject.list
 
10:33:50 **** Incremental Build of configuration Debug for project NUCLEO-G491RE_Myproject ****
make -j6 all 
arm-none-eabi-gcc "../Core/Src/stm32g4xx_it.c" -mcpu=cortex-m4 -std=gnu11 -g3 -DDEBUG -DUSE_HAL_DRIVER -DSTM32G491xx -c -I../Core/Inc -I"C:/Projects/pt61/RTOS_workspace08062022/RTOS_workspace02062022/RTOS_workspace/NUCLEO-G491RE_Myproject/ThirdParty/SEGGER/Rec" -I"C:/Projects/pt61/RTOS_workspace08062022/RTOS_workspace02062022/RTOS_workspace/NUCLEO-G491RE_Myproject/ThirdParty/SEGGER/Config" -I"C:/Projects/pt61/RTOS_workspace08062022/RTOS_workspace02062022/RTOS_workspace/NUCLEO-G491RE_Myproject/ThirdParty/SEGGER/OS" -I"C:/Projects/pt61/RTOS_workspace08062022/RTOS_workspace02062022/RTOS_workspace/NUCLEO-G491RE_Myproject/ThirdParty/SEGGER/SEGGER" -I"C:/Projects/pt61/RTOS_workspace08062022/RTOS_workspace02062022/RTOS_workspace/NUCLEO-G491RE_Myproject/ThirdParty/FreeRTOS" -I"C:/Projects/pt61/RTOS_workspace08062022/RTOS_workspace02062022/RTOS_workspace/NUCLEO-G491RE_Myproject/ThirdParty/FreeRTOS/portable/GCC/ARM_CM4F" -I"C:/Projects/pt61/RTOS_workspace08062022/RTOS_workspace02062022/RTOS_workspace/NUCLEO-G491RE_Myproject/ThirdParty/FreeRTOS/include" -I../Drivers/STM32G4xx_HAL_Driver/Inc -I../Drivers/STM32G4xx_HAL_Driver/Inc/Legacy -I../Drivers/CMSIS/Device/ST/STM32G4xx/Include -I../Drivers/CMSIS/Include -O0 -ffunction-sections -fdata-sections -Wall -fstack-usage -MMD -MP -MF"Core/Src/stm32g4xx_it.d" -MT"Core/Src/stm32g4xx_it.o" --specs=nano.specs -mfpu=fpv4-sp-d16 -mfloat-abi=hard -mthumb -o "Core/Src/stm32g4xx_it.o"
arm-none-eabi-gcc -o "NUCLEO-G491RE_Myproject.elf" @"objects.list"   -mcpu=cortex-m4 -T"C:\Projects\pt61\RTOS_workspace08062022\RTOS_workspace02062022\RTOS_workspace\NUCLEO-G491RE_Myproject\STM32G491RETX_FLASH.ld" --specs=nosys.specs -Wl,-Map="NUCLEO-G491RE_Myproject.map" -Wl,--gc-sections -static --specs=nano.specs -mfpu=fpv4-sp-d16 -mfloat-abi=hard -mthumb -Wl,--start-group -lc -lm -Wl,--end-group
Finished building target: NUCLEO-G491RE_Myproject.elf
 
arm-none-eabi-size   NUCLEO-G491RE_Myproject.elf 
arm-none-eabi-objdump -h -S  NUCLEO-G491RE_Myproject.elf  > "NUCLEO-G491RE_Myproject.list"
   text	   data	    bss	    dec	    hex	filename
  35640	    136	  84728	 120504	  1d6b8	NUCLEO-G491RE_Myproject.elf
Finished building: default.size.stdout
 
Finished building: NUCLEO-G491RE_Myproject.list
 
11:09:27 **** Incremental Build of configuration Debug for project NUCLEO-G491RE_Myproject ****
make -j6 all 
arm-none-eabi-gcc "../Drivers/STM32G4xx_HAL_Driver/Src/stm32g4xx_hal.c" -mcpu=cortex-m4 -std=gnu11 -g3 -DDEBUG -DUSE_HAL_DRIVER -DSTM32G491xx -c -I../Core/Inc -I"C:/Projects/pt61/RTOS_workspace08062022/RTOS_workspace02062022/RTOS_workspace/NUCLEO-G491RE_Myproject/ThirdParty/SEGGER/Rec" -I"C:/Projects/pt61/RTOS_workspace08062022/RTOS_workspace02062022/RTOS_workspace/NUCLEO-G491RE_Myproject/ThirdParty/SEGGER/Config" -I"C:/Projects/pt61/RTOS_workspace08062022/RTOS_workspace02062022/RTOS_workspace/NUCLEO-G491RE_Myproject/ThirdParty/SEGGER/OS" -I"C:/Projects/pt61/RTOS_workspace08062022/RTOS_workspace02062022/RTOS_workspace/NUCLEO-G491RE_Myproject/ThirdParty/SEGGER/SEGGER" -I"C:/Projects/pt61/RTOS_workspace08062022/RTOS_workspace02062022/RTOS_workspace/NUCLEO-G491RE_Myproject/ThirdParty/FreeRTOS" -I"C:/Projects/pt61/RTOS_workspace08062022/RTOS_workspace02062022/RTOS_workspace/NUCLEO-G491RE_Myproject/ThirdParty/FreeRTOS/portable/GCC/ARM_CM4F" -I"C:/Projects/pt61/RTOS_workspace08062022/RTOS_workspace02062022/RTOS_workspace/NUCLEO-G491RE_Myproject/ThirdParty/FreeRTOS/include" -I../Drivers/STM32G4xx_HAL_Driver/Inc -I../Drivers/STM32G4xx_HAL_Driver/Inc/Legacy -I../Drivers/CMSIS/Device/ST/STM32G4xx/Include -I../Drivers/CMSIS/Include -O0 -ffunction-sections -fdata-sections -Wall -fstack-usage -MMD -MP -MF"Drivers/STM32G4xx_HAL_Driver/Src/stm32g4xx_hal.d" -MT"Drivers/STM32G4xx_HAL_Driver/Src/stm32g4xx_hal.o" --specs=nano.specs -mfpu=fpv4-sp-d16 -mfloat-abi=hard -mthumb -o "Drivers/STM32G4xx_HAL_Driver/Src/stm32g4xx_hal.o"
arm-none-eabi-gcc "../Drivers/STM32G4xx_HAL_Driver/Src/stm32g4xx_hal_cortex.c" -mcpu=cortex-m4 -std=gnu11 -g3 -DDEBUG -DUSE_HAL_DRIVER -DSTM32G491xx -c -I../Core/Inc -I"C:/Projects/pt61/RTOS_workspace08062022/RTOS_workspace02062022/RTOS_workspace/NUCLEO-G491RE_Myproject/ThirdParty/SEGGER/Rec" -I"C:/Projects/pt61/RTOS_workspace08062022/RTOS_workspace02062022/RTOS_workspace/NUCLEO-G491RE_Myproject/ThirdParty/SEGGER/Config" -I"C:/Projects/pt61/RTOS_workspace08062022/RTOS_workspace02062022/RTOS_workspace/NUCLEO-G491RE_Myproject/ThirdParty/SEGGER/OS" -I"C:/Projects/pt61/RTOS_workspace08062022/RTOS_workspace02062022/RTOS_workspace/NUCLEO-G491RE_Myproject/ThirdParty/SEGGER/SEGGER" -I"C:/Projects/pt61/RTOS_workspace08062022/RTOS_workspace02062022/RTOS_workspace/NUCLEO-G491RE_Myproject/ThirdParty/FreeRTOS" -I"C:/Projects/pt61/RTOS_workspace08062022/RTOS_workspace02062022/RTOS_workspace/NUCLEO-G491RE_Myproject/ThirdParty/FreeRTOS/portable/GCC/ARM_CM4F" -I"C:/Projects/pt61/RTOS_workspace08062022/RTOS_workspace02062022/RTOS_workspace/NUCLEO-G491RE_Myproject/ThirdParty/FreeRTOS/include" -I../Drivers/STM32G4xx_HAL_Driver/Inc -I../Drivers/STM32G4xx_HAL_Driver/Inc/Legacy -I../Drivers/CMSIS/Device/ST/STM32G4xx/Include -I../Drivers/CMSIS/Include -O0 -ffunction-sections -fdata-sections -Wall -fstack-usage -MMD -MP -MF"Drivers/STM32G4xx_HAL_Driver/Src/stm32g4xx_hal_cortex.d" -MT"Drivers/STM32G4xx_HAL_Driver/Src/stm32g4xx_hal_cortex.o" --specs=nano.specs -mfpu=fpv4-sp-d16 -mfloat-abi=hard -mthumb -o "Drivers/STM32G4xx_HAL_Driver/Src/stm32g4xx_hal_cortex.o"
arm-none-eabi-gcc "../Drivers/STM32G4xx_HAL_Driver/Src/stm32g4xx_hal_dac.c" -mcpu=cortex-m4 -std=gnu11 -g3 -DDEBUG -DUSE_HAL_DRIVER -DSTM32G491xx -c -I../Core/Inc -I"C:/Projects/pt61/RTOS_workspace08062022/RTOS_workspace02062022/RTOS_workspace/NUCLEO-G491RE_Myproject/ThirdParty/SEGGER/Rec" -I"C:/Projects/pt61/RTOS_workspace08062022/RTOS_workspace02062022/RTOS_workspace/NUCLEO-G491RE_Myproject/ThirdParty/SEGGER/Config" -I"C:/Projects/pt61/RTOS_workspace08062022/RTOS_workspace02062022/RTOS_workspace/NUCLEO-G491RE_Myproject/ThirdParty/SEGGER/OS" -I"C:/Projects/pt61/RTOS_workspace08062022/RTOS_workspace02062022/RTOS_workspace/NUCLEO-G491RE_Myproject/ThirdParty/SEGGER/SEGGER" -I"C:/Projects/pt61/RTOS_workspace08062022/RTOS_workspace02062022/RTOS_workspace/NUCLEO-G491RE_Myproject/ThirdParty/FreeRTOS" -I"C:/Projects/pt61/RTOS_workspace08062022/RTOS_workspace02062022/RTOS_workspace/NUCLEO-G491RE_Myproject/ThirdParty/FreeRTOS/portable/GCC/ARM_CM4F" -I"C:/Projects/pt61/RTOS_workspace08062022/RTOS_workspace02062022/RTOS_workspace/NUCLEO-G491RE_Myproject/ThirdParty/FreeRTOS/include" -I../Drivers/STM32G4xx_HAL_Driver/Inc -I../Drivers/STM32G4xx_HAL_Driver/Inc/Legacy -I../Drivers/CMSIS/Device/ST/STM32G4xx/Include -I../Drivers/CMSIS/Include -O0 -ffunction-sections -fdata-sections -Wall -fstack-usage -MMD -MP -MF"Drivers/STM32G4xx_HAL_Driver/Src/stm32g4xx_hal_dac.d" -MT"Drivers/STM32G4xx_HAL_Driver/Src/stm32g4xx_hal_dac.o" --specs=nano.specs -mfpu=fpv4-sp-d16 -mfloat-abi=hard -mthumb -o "Drivers/STM32G4xx_HAL_Driver/Src/stm32g4xx_hal_dac.o"
arm-none-eabi-gcc "../Drivers/STM32G4xx_HAL_Driver/Src/stm32g4xx_hal_dac_ex.c" -mcpu=cortex-m4 -std=gnu11 -g3 -DDEBUG -DUSE_HAL_DRIVER -DSTM32G491xx -c -I../Core/Inc -I"C:/Projects/pt61/RTOS_workspace08062022/RTOS_workspace02062022/RTOS_workspace/NUCLEO-G491RE_Myproject/ThirdParty/SEGGER/Rec" -I"C:/Projects/pt61/RTOS_workspace08062022/RTOS_workspace02062022/RTOS_workspace/NUCLEO-G491RE_Myproject/ThirdParty/SEGGER/Config" -I"C:/Projects/pt61/RTOS_workspace08062022/RTOS_workspace02062022/RTOS_workspace/NUCLEO-G491RE_Myproject/ThirdParty/SEGGER/OS" -I"C:/Projects/pt61/RTOS_workspace08062022/RTOS_workspace02062022/RTOS_workspace/NUCLEO-G491RE_Myproject/ThirdParty/SEGGER/SEGGER" -I"C:/Projects/pt61/RTOS_workspace08062022/RTOS_workspace02062022/RTOS_workspace/NUCLEO-G491RE_Myproject/ThirdParty/FreeRTOS" -I"C:/Projects/pt61/RTOS_workspace08062022/RTOS_workspace02062022/RTOS_workspace/NUCLEO-G491RE_Myproject/ThirdParty/FreeRTOS/portable/GCC/ARM_CM4F" -I"C:/Projects/pt61/RTOS_workspace08062022/RTOS_workspace02062022/RTOS_workspace/NUCLEO-G491RE_Myproject/ThirdParty/FreeRTOS/include" -I../Drivers/STM32G4xx_HAL_Driver/Inc -I../Drivers/STM32G4xx_HAL_Driver/Inc/Legacy -I../Drivers/CMSIS/Device/ST/STM32G4xx/Include -I../Drivers/CMSIS/Include -O0 -ffunction-sections -fdata-sections -Wall -fstack-usage -MMD -MP -MF"Drivers/STM32G4xx_HAL_Driver/Src/stm32g4xx_hal_dac_ex.d" -MT"Drivers/STM32G4xx_HAL_Driver/Src/stm32g4xx_hal_dac_ex.o" --specs=nano.specs -mfpu=fpv4-sp-d16 -mfloat-abi=hard -mthumb -o "Drivers/STM32G4xx_HAL_Driver/Src/stm32g4xx_hal_dac_ex.o"
arm-none-eabi-gcc "../Drivers/STM32G4xx_HAL_Driver/Src/stm32g4xx_hal_dma.c" -mcpu=cortex-m4 -std=gnu11 -g3 -DDEBUG -DUSE_HAL_DRIVER -DSTM32G491xx -c -I../Core/Inc -I"C:/Projects/pt61/RTOS_workspace08062022/RTOS_workspace02062022/RTOS_workspace/NUCLEO-G491RE_Myproject/ThirdParty/SEGGER/Rec" -I"C:/Projects/pt61/RTOS_workspace08062022/RTOS_workspace02062022/RTOS_workspace/NUCLEO-G491RE_Myproject/ThirdParty/SEGGER/Config" -I"C:/Projects/pt61/RTOS_workspace08062022/RTOS_workspace02062022/RTOS_workspace/NUCLEO-G491RE_Myproject/ThirdParty/SEGGER/OS" -I"C:/Projects/pt61/RTOS_workspace08062022/RTOS_workspace02062022/RTOS_workspace/NUCLEO-G491RE_Myproject/ThirdParty/SEGGER/SEGGER" -I"C:/Projects/pt61/RTOS_workspace08062022/RTOS_workspace02062022/RTOS_workspace/NUCLEO-G491RE_Myproject/ThirdParty/FreeRTOS" -I"C:/Projects/pt61/RTOS_workspace08062022/RTOS_workspace02062022/RTOS_workspace/NUCLEO-G491RE_Myproject/ThirdParty/FreeRTOS/portable/GCC/ARM_CM4F" -I"C:/Projects/pt61/RTOS_workspace08062022/RTOS_workspace02062022/RTOS_workspace/NUCLEO-G491RE_Myproject/ThirdParty/FreeRTOS/include" -I../Drivers/STM32G4xx_HAL_Driver/Inc -I../Drivers/STM32G4xx_HAL_Driver/Inc/Legacy -I../Drivers/CMSIS/Device/ST/STM32G4xx/Include -I../Drivers/CMSIS/Include -O0 -ffunction-sections -fdata-sections -Wall -fstack-usage -MMD -MP -MF"Drivers/STM32G4xx_HAL_Driver/Src/stm32g4xx_hal_dma.d" -MT"Drivers/STM32G4xx_HAL_Driver/Src/stm32g4xx_hal_dma.o" --specs=nano.specs -mfpu=fpv4-sp-d16 -mfloat-abi=hard -mthumb -o "Drivers/STM32G4xx_HAL_Driver/Src/stm32g4xx_hal_dma.o"
arm-none-eabi-gcc "../Drivers/STM32G4xx_HAL_Driver/Src/stm32g4xx_hal_dma_ex.c" -mcpu=cortex-m4 -std=gnu11 -g3 -DDEBUG -DUSE_HAL_DRIVER -DSTM32G491xx -c -I../Core/Inc -I"C:/Projects/pt61/RTOS_workspace08062022/RTOS_workspace02062022/RTOS_workspace/NUCLEO-G491RE_Myproject/ThirdParty/SEGGER/Rec" -I"C:/Projects/pt61/RTOS_workspace08062022/RTOS_workspace02062022/RTOS_workspace/NUCLEO-G491RE_Myproject/ThirdParty/SEGGER/Config" -I"C:/Projects/pt61/RTOS_workspace08062022/RTOS_workspace02062022/RTOS_workspace/NUCLEO-G491RE_Myproject/ThirdParty/SEGGER/OS" -I"C:/Projects/pt61/RTOS_workspace08062022/RTOS_workspace02062022/RTOS_workspace/NUCLEO-G491RE_Myproject/ThirdParty/SEGGER/SEGGER" -I"C:/Projects/pt61/RTOS_workspace08062022/RTOS_workspace02062022/RTOS_workspace/NUCLEO-G491RE_Myproject/ThirdParty/FreeRTOS" -I"C:/Projects/pt61/RTOS_workspace08062022/RTOS_workspace02062022/RTOS_workspace/NUCLEO-G491RE_Myproject/ThirdParty/FreeRTOS/portable/GCC/ARM_CM4F" -I"C:/Projects/pt61/RTOS_workspace08062022/RTOS_workspace02062022/RTOS_workspace/NUCLEO-G491RE_Myproject/ThirdParty/FreeRTOS/include" -I../Drivers/STM32G4xx_HAL_Driver/Inc -I../Drivers/STM32G4xx_HAL_Driver/Inc/Legacy -I../Drivers/CMSIS/Device/ST/STM32G4xx/Include -I../Drivers/CMSIS/Include -O0 -ffunction-sections -fdata-sections -Wall -fstack-usage -MMD -MP -MF"Drivers/STM32G4xx_HAL_Driver/Src/stm32g4xx_hal_dma_ex.d" -MT"Drivers/STM32G4xx_HAL_Driver/Src/stm32g4xx_hal_dma_ex.o" --specs=nano.specs -mfpu=fpv4-sp-d16 -mfloat-abi=hard -mthumb -o "Drivers/STM32G4xx_HAL_Driver/Src/stm32g4xx_hal_dma_ex.o"
arm-none-eabi-gcc "../Drivers/STM32G4xx_HAL_Driver/Src/stm32g4xx_hal_exti.c" -mcpu=cortex-m4 -std=gnu11 -g3 -DDEBUG -DUSE_HAL_DRIVER -DSTM32G491xx -c -I../Core/Inc -I"C:/Projects/pt61/RTOS_workspace08062022/RTOS_workspace02062022/RTOS_workspace/NUCLEO-G491RE_Myproject/ThirdParty/SEGGER/Rec" -I"C:/Projects/pt61/RTOS_workspace08062022/RTOS_workspace02062022/RTOS_workspace/NUCLEO-G491RE_Myproject/ThirdParty/SEGGER/Config" -I"C:/Projects/pt61/RTOS_workspace08062022/RTOS_workspace02062022/RTOS_workspace/NUCLEO-G491RE_Myproject/ThirdParty/SEGGER/OS" -I"C:/Projects/pt61/RTOS_workspace08062022/RTOS_workspace02062022/RTOS_workspace/NUCLEO-G491RE_Myproject/ThirdParty/SEGGER/SEGGER" -I"C:/Projects/pt61/RTOS_workspace08062022/RTOS_workspace02062022/RTOS_workspace/NUCLEO-G491RE_Myproject/ThirdParty/FreeRTOS" -I"C:/Projects/pt61/RTOS_workspace08062022/RTOS_workspace02062022/RTOS_workspace/NUCLEO-G491RE_Myproject/ThirdParty/FreeRTOS/portable/GCC/ARM_CM4F" -I"C:/Projects/pt61/RTOS_workspace08062022/RTOS_workspace02062022/RTOS_workspace/NUCLEO-G491RE_Myproject/ThirdParty/FreeRTOS/include" -I../Drivers/STM32G4xx_HAL_Driver/Inc -I../Drivers/STM32G4xx_HAL_Driver/Inc/Legacy -I../Drivers/CMSIS/Device/ST/STM32G4xx/Include -I../Drivers/CMSIS/Include -O0 -ffunction-sections -fdata-sections -Wall -fstack-usage -MMD -MP -MF"Drivers/STM32G4xx_HAL_Driver/Src/stm32g4xx_hal_exti.d" -MT"Drivers/STM32G4xx_HAL_Driver/Src/stm32g4xx_hal_exti.o" --specs=nano.specs -mfpu=fpv4-sp-d16 -mfloat-abi=hard -mthumb -o "Drivers/STM32G4xx_HAL_Driver/Src/stm32g4xx_hal_exti.o"
arm-none-eabi-gcc "../Drivers/STM32G4xx_HAL_Driver/Src/stm32g4xx_hal_flash.c" -mcpu=cortex-m4 -std=gnu11 -g3 -DDEBUG -DUSE_HAL_DRIVER -DSTM32G491xx -c -I../Core/Inc -I"C:/Projects/pt61/RTOS_workspace08062022/RTOS_workspace02062022/RTOS_workspace/NUCLEO-G491RE_Myproject/ThirdParty/SEGGER/Rec" -I"C:/Projects/pt61/RTOS_workspace08062022/RTOS_workspace02062022/RTOS_workspace/NUCLEO-G491RE_Myproject/ThirdParty/SEGGER/Config" -I"C:/Projects/pt61/RTOS_workspace08062022/RTOS_workspace02062022/RTOS_workspace/NUCLEO-G491RE_Myproject/ThirdParty/SEGGER/OS" -I"C:/Projects/pt61/RTOS_workspace08062022/RTOS_workspace02062022/RTOS_workspace/NUCLEO-G491RE_Myproject/ThirdParty/SEGGER/SEGGER" -I"C:/Projects/pt61/RTOS_workspace08062022/RTOS_workspace02062022/RTOS_workspace/NUCLEO-G491RE_Myproject/ThirdParty/FreeRTOS" -I"C:/Projects/pt61/RTOS_workspace08062022/RTOS_workspace02062022/RTOS_workspace/NUCLEO-G491RE_Myproject/ThirdParty/FreeRTOS/portable/GCC/ARM_CM4F" -I"C:/Projects/pt61/RTOS_workspace08062022/RTOS_workspace02062022/RTOS_workspace/NUCLEO-G491RE_Myproject/ThirdParty/FreeRTOS/include" -I../Drivers/STM32G4xx_HAL_Driver/Inc -I../Drivers/STM32G4xx_HAL_Driver/Inc/Legacy -I../Drivers/CMSIS/Device/ST/STM32G4xx/Include -I../Drivers/CMSIS/Include -O0 -ffunction-sections -fdata-sections -Wall -fstack-usage -MMD -MP -MF"Drivers/STM32G4xx_HAL_Driver/Src/stm32g4xx_hal_flash.d" -MT"Drivers/STM32G4xx_HAL_Driver/Src/stm32g4xx_hal_flash.o" --specs=nano.specs -mfpu=fpv4-sp-d16 -mfloat-abi=hard -mthumb -o "Drivers/STM32G4xx_HAL_Driver/Src/stm32g4xx_hal_flash.o"
arm-none-eabi-gcc "../Drivers/STM32G4xx_HAL_Driver/Src/stm32g4xx_hal_flash_ex.c" -mcpu=cortex-m4 -std=gnu11 -g3 -DDEBUG -DUSE_HAL_DRIVER -DSTM32G491xx -c -I../Core/Inc -I"C:/Projects/pt61/RTOS_workspace08062022/RTOS_workspace02062022/RTOS_workspace/NUCLEO-G491RE_Myproject/ThirdParty/SEGGER/Rec" -I"C:/Projects/pt61/RTOS_workspace08062022/RTOS_workspace02062022/RTOS_workspace/NUCLEO-G491RE_Myproject/ThirdParty/SEGGER/Config" -I"C:/Projects/pt61/RTOS_workspace08062022/RTOS_workspace02062022/RTOS_workspace/NUCLEO-G491RE_Myproject/ThirdParty/SEGGER/OS" -I"C:/Projects/pt61/RTOS_workspace08062022/RTOS_workspace02062022/RTOS_workspace/NUCLEO-G491RE_Myproject/ThirdParty/SEGGER/SEGGER" -I"C:/Projects/pt61/RTOS_workspace08062022/RTOS_workspace02062022/RTOS_workspace/NUCLEO-G491RE_Myproject/ThirdParty/FreeRTOS" -I"C:/Projects/pt61/RTOS_workspace08062022/RTOS_workspace02062022/RTOS_workspace/NUCLEO-G491RE_Myproject/ThirdParty/FreeRTOS/portable/GCC/ARM_CM4F" -I"C:/Projects/pt61/RTOS_workspace08062022/RTOS_workspace02062022/RTOS_workspace/NUCLEO-G491RE_Myproject/ThirdParty/FreeRTOS/include" -I../Drivers/STM32G4xx_HAL_Driver/Inc -I../Drivers/STM32G4xx_HAL_Driver/Inc/Legacy -I../Drivers/CMSIS/Device/ST/STM32G4xx/Include -I../Drivers/CMSIS/Include -O0 -ffunction-sections -fdata-sections -Wall -fstack-usage -MMD -MP -MF"Drivers/STM32G4xx_HAL_Driver/Src/stm32g4xx_hal_flash_ex.d" -MT"Drivers/STM32G4xx_HAL_Driver/Src/stm32g4xx_hal_flash_ex.o" --specs=nano.specs -mfpu=fpv4-sp-d16 -mfloat-abi=hard -mthumb -o "Drivers/STM32G4xx_HAL_Driver/Src/stm32g4xx_hal_flash_ex.o"
arm-none-eabi-gcc "../Drivers/STM32G4xx_HAL_Driver/Src/stm32g4xx_hal_flash_ramfunc.c" -mcpu=cortex-m4 -std=gnu11 -g3 -DDEBUG -DUSE_HAL_DRIVER -DSTM32G491xx -c -I../Core/Inc -I"C:/Projects/pt61/RTOS_workspace08062022/RTOS_workspace02062022/RTOS_workspace/NUCLEO-G491RE_Myproject/ThirdParty/SEGGER/Rec" -I"C:/Projects/pt61/RTOS_workspace08062022/RTOS_workspace02062022/RTOS_workspace/NUCLEO-G491RE_Myproject/ThirdParty/SEGGER/Config" -I"C:/Projects/pt61/RTOS_workspace08062022/RTOS_workspace02062022/RTOS_workspace/NUCLEO-G491RE_Myproject/ThirdParty/SEGGER/OS" -I"C:/Projects/pt61/RTOS_workspace08062022/RTOS_workspace02062022/RTOS_workspace/NUCLEO-G491RE_Myproject/ThirdParty/SEGGER/SEGGER" -I"C:/Projects/pt61/RTOS_workspace08062022/RTOS_workspace02062022/RTOS_workspace/NUCLEO-G491RE_Myproject/ThirdParty/FreeRTOS" -I"C:/Projects/pt61/RTOS_workspace08062022/RTOS_workspace02062022/RTOS_workspace/NUCLEO-G491RE_Myproject/ThirdParty/FreeRTOS/portable/GCC/ARM_CM4F" -I"C:/Projects/pt61/RTOS_workspace08062022/RTOS_workspace02062022/RTOS_workspace/NUCLEO-G491RE_Myproject/ThirdParty/FreeRTOS/include" -I../Drivers/STM32G4xx_HAL_Driver/Inc -I../Drivers/STM32G4xx_HAL_Driver/Inc/Legacy -I../Drivers/CMSIS/Device/ST/STM32G4xx/Include -I../Drivers/CMSIS/Include -O0 -ffunction-sections -fdata-sections -Wall -fstack-usage -MMD -MP -MF"Drivers/STM32G4xx_HAL_Driver/Src/stm32g4xx_hal_flash_ramfunc.d" -MT"Drivers/STM32G4xx_HAL_Driver/Src/stm32g4xx_hal_flash_ramfunc.o" --specs=nano.specs -mfpu=fpv4-sp-d16 -mfloat-abi=hard -mthumb -o "Drivers/STM32G4xx_HAL_Driver/Src/stm32g4xx_hal_flash_ramfunc.o"
arm-none-eabi-gcc "../Drivers/STM32G4xx_HAL_Driver/Src/stm32g4xx_hal_gpio.c" -mcpu=cortex-m4 -std=gnu11 -g3 -DDEBUG -DUSE_HAL_DRIVER -DSTM32G491xx -c -I../Core/Inc -I"C:/Projects/pt61/RTOS_workspace08062022/RTOS_workspace02062022/RTOS_workspace/NUCLEO-G491RE_Myproject/ThirdParty/SEGGER/Rec" -I"C:/Projects/pt61/RTOS_workspace08062022/RTOS_workspace02062022/RTOS_workspace/NUCLEO-G491RE_Myproject/ThirdParty/SEGGER/Config" -I"C:/Projects/pt61/RTOS_workspace08062022/RTOS_workspace02062022/RTOS_workspace/NUCLEO-G491RE_Myproject/ThirdParty/SEGGER/OS" -I"C:/Projects/pt61/RTOS_workspace08062022/RTOS_workspace02062022/RTOS_workspace/NUCLEO-G491RE_Myproject/ThirdParty/SEGGER/SEGGER" -I"C:/Projects/pt61/RTOS_workspace08062022/RTOS_workspace02062022/RTOS_workspace/NUCLEO-G491RE_Myproject/ThirdParty/FreeRTOS" -I"C:/Projects/pt61/RTOS_workspace08062022/RTOS_workspace02062022/RTOS_workspace/NUCLEO-G491RE_Myproject/ThirdParty/FreeRTOS/portable/GCC/ARM_CM4F" -I"C:/Projects/pt61/RTOS_workspace08062022/RTOS_workspace02062022/RTOS_workspace/NUCLEO-G491RE_Myproject/ThirdParty/FreeRTOS/include" -I../Drivers/STM32G4xx_HAL_Driver/Inc -I../Drivers/STM32G4xx_HAL_Driver/Inc/Legacy -I../Drivers/CMSIS/Device/ST/STM32G4xx/Include -I../Drivers/CMSIS/Include -O0 -ffunction-sections -fdata-sections -Wall -fstack-usage -MMD -MP -MF"Drivers/STM32G4xx_HAL_Driver/Src/stm32g4xx_hal_gpio.d" -MT"Drivers/STM32G4xx_HAL_Driver/Src/stm32g4xx_hal_gpio.o" --specs=nano.specs -mfpu=fpv4-sp-d16 -mfloat-abi=hard -mthumb -o "Drivers/STM32G4xx_HAL_Driver/Src/stm32g4xx_hal_gpio.o"
arm-none-eabi-gcc "../Drivers/STM32G4xx_HAL_Driver/Src/stm32g4xx_hal_pwr.c" -mcpu=cortex-m4 -std=gnu11 -g3 -DDEBUG -DUSE_HAL_DRIVER -DSTM32G491xx -c -I../Core/Inc -I"C:/Projects/pt61/RTOS_workspace08062022/RTOS_workspace02062022/RTOS_workspace/NUCLEO-G491RE_Myproject/ThirdParty/SEGGER/Rec" -I"C:/Projects/pt61/RTOS_workspace08062022/RTOS_workspace02062022/RTOS_workspace/NUCLEO-G491RE_Myproject/ThirdParty/SEGGER/Config" -I"C:/Projects/pt61/RTOS_workspace08062022/RTOS_workspace02062022/RTOS_workspace/NUCLEO-G491RE_Myproject/ThirdParty/SEGGER/OS" -I"C:/Projects/pt61/RTOS_workspace08062022/RTOS_workspace02062022/RTOS_workspace/NUCLEO-G491RE_Myproject/ThirdParty/SEGGER/SEGGER" -I"C:/Projects/pt61/RTOS_workspace08062022/RTOS_workspace02062022/RTOS_workspace/NUCLEO-G491RE_Myproject/ThirdParty/FreeRTOS" -I"C:/Projects/pt61/RTOS_workspace08062022/RTOS_workspace02062022/RTOS_workspace/NUCLEO-G491RE_Myproject/ThirdParty/FreeRTOS/portable/GCC/ARM_CM4F" -I"C:/Projects/pt61/RTOS_workspace08062022/RTOS_workspace02062022/RTOS_workspace/NUCLEO-G491RE_Myproject/ThirdParty/FreeRTOS/include" -I../Drivers/STM32G4xx_HAL_Driver/Inc -I../Drivers/STM32G4xx_HAL_Driver/Inc/Legacy -I../Drivers/CMSIS/Device/ST/STM32G4xx/Include -I../Drivers/CMSIS/Include -O0 -ffunction-sections -fdata-sections -Wall -fstack-usage -MMD -MP -MF"Drivers/STM32G4xx_HAL_Driver/Src/stm32g4xx_hal_pwr.d" -MT"Drivers/STM32G4xx_HAL_Driver/Src/stm32g4xx_hal_pwr.o" --specs=nano.specs -mfpu=fpv4-sp-d16 -mfloat-abi=hard -mthumb -o "Drivers/STM32G4xx_HAL_Driver/Src/stm32g4xx_hal_pwr.o"
arm-none-eabi-gcc "../Drivers/STM32G4xx_HAL_Driver/Src/stm32g4xx_hal_pwr_ex.c" -mcpu=cortex-m4 -std=gnu11 -g3 -DDEBUG -DUSE_HAL_DRIVER -DSTM32G491xx -c -I../Core/Inc -I"C:/Projects/pt61/RTOS_workspace08062022/RTOS_workspace02062022/RTOS_workspace/NUCLEO-G491RE_Myproject/ThirdParty/SEGGER/Rec" -I"C:/Projects/pt61/RTOS_workspace08062022/RTOS_workspace02062022/RTOS_workspace/NUCLEO-G491RE_Myproject/ThirdParty/SEGGER/Config" -I"C:/Projects/pt61/RTOS_workspace08062022/RTOS_workspace02062022/RTOS_workspace/NUCLEO-G491RE_Myproject/ThirdParty/SEGGER/OS" -I"C:/Projects/pt61/RTOS_workspace08062022/RTOS_workspace02062022/RTOS_workspace/NUCLEO-G491RE_Myproject/ThirdParty/SEGGER/SEGGER" -I"C:/Projects/pt61/RTOS_workspace08062022/RTOS_workspace02062022/RTOS_workspace/NUCLEO-G491RE_Myproject/ThirdParty/FreeRTOS" -I"C:/Projects/pt61/RTOS_workspace08062022/RTOS_workspace02062022/RTOS_workspace/NUCLEO-G491RE_Myproject/ThirdParty/FreeRTOS/portable/GCC/ARM_CM4F" -I"C:/Projects/pt61/RTOS_workspace08062022/RTOS_workspace02062022/RTOS_workspace/NUCLEO-G491RE_Myproject/ThirdParty/FreeRTOS/include" -I../Drivers/STM32G4xx_HAL_Driver/Inc -I../Drivers/STM32G4xx_HAL_Driver/Inc/Legacy -I../Drivers/CMSIS/Device/ST/STM32G4xx/Include -I../Drivers/CMSIS/Include -O0 -ffunction-sections -fdata-sections -Wall -fstack-usage -MMD -MP -MF"Drivers/STM32G4xx_HAL_Driver/Src/stm32g4xx_hal_pwr_ex.d" -MT"Drivers/STM32G4xx_HAL_Driver/Src/stm32g4xx_hal_pwr_ex.o" --specs=nano.specs -mfpu=fpv4-sp-d16 -mfloat-abi=hard -mthumb -o "Drivers/STM32G4xx_HAL_Driver/Src/stm32g4xx_hal_pwr_ex.o"
arm-none-eabi-gcc "../Drivers/STM32G4xx_HAL_Driver/Src/stm32g4xx_hal_rcc.c" -mcpu=cortex-m4 -std=gnu11 -g3 -DDEBUG -DUSE_HAL_DRIVER -DSTM32G491xx -c -I../Core/Inc -I"C:/Projects/pt61/RTOS_workspace08062022/RTOS_workspace02062022/RTOS_workspace/NUCLEO-G491RE_Myproject/ThirdParty/SEGGER/Rec" -I"C:/Projects/pt61/RTOS_workspace08062022/RTOS_workspace02062022/RTOS_workspace/NUCLEO-G491RE_Myproject/ThirdParty/SEGGER/Config" -I"C:/Projects/pt61/RTOS_workspace08062022/RTOS_workspace02062022/RTOS_workspace/NUCLEO-G491RE_Myproject/ThirdParty/SEGGER/OS" -I"C:/Projects/pt61/RTOS_workspace08062022/RTOS_workspace02062022/RTOS_workspace/NUCLEO-G491RE_Myproject/ThirdParty/SEGGER/SEGGER" -I"C:/Projects/pt61/RTOS_workspace08062022/RTOS_workspace02062022/RTOS_workspace/NUCLEO-G491RE_Myproject/ThirdParty/FreeRTOS" -I"C:/Projects/pt61/RTOS_workspace08062022/RTOS_workspace02062022/RTOS_workspace/NUCLEO-G491RE_Myproject/ThirdParty/FreeRTOS/portable/GCC/ARM_CM4F" -I"C:/Projects/pt61/RTOS_workspace08062022/RTOS_workspace02062022/RTOS_workspace/NUCLEO-G491RE_Myproject/ThirdParty/FreeRTOS/include" -I../Drivers/STM32G4xx_HAL_Driver/Inc -I../Drivers/STM32G4xx_HAL_Driver/Inc/Legacy -I../Drivers/CMSIS/Device/ST/STM32G4xx/Include -I../Drivers/CMSIS/Include -O0 -ffunction-sections -fdata-sections -Wall -fstack-usage -MMD -MP -MF"Drivers/STM32G4xx_HAL_Driver/Src/stm32g4xx_hal_rcc.d" -MT"Drivers/STM32G4xx_HAL_Driver/Src/stm32g4xx_hal_rcc.o" --specs=nano.specs -mfpu=fpv4-sp-d16 -mfloat-abi=hard -mthumb -o "Drivers/STM32G4xx_HAL_Driver/Src/stm32g4xx_hal_rcc.o"
arm-none-eabi-gcc "../Drivers/STM32G4xx_HAL_Driver/Src/stm32g4xx_hal_rcc_ex.c" -mcpu=cortex-m4 -std=gnu11 -g3 -DDEBUG -DUSE_HAL_DRIVER -DSTM32G491xx -c -I../Core/Inc -I"C:/Projects/pt61/RTOS_workspace08062022/RTOS_workspace02062022/RTOS_workspace/NUCLEO-G491RE_Myproject/ThirdParty/SEGGER/Rec" -I"C:/Projects/pt61/RTOS_workspace08062022/RTOS_workspace02062022/RTOS_workspace/NUCLEO-G491RE_Myproject/ThirdParty/SEGGER/Config" -I"C:/Projects/pt61/RTOS_workspace08062022/RTOS_workspace02062022/RTOS_workspace/NUCLEO-G491RE_Myproject/ThirdParty/SEGGER/OS" -I"C:/Projects/pt61/RTOS_workspace08062022/RTOS_workspace02062022/RTOS_workspace/NUCLEO-G491RE_Myproject/ThirdParty/SEGGER/SEGGER" -I"C:/Projects/pt61/RTOS_workspace08062022/RTOS_workspace02062022/RTOS_workspace/NUCLEO-G491RE_Myproject/ThirdParty/FreeRTOS" -I"C:/Projects/pt61/RTOS_workspace08062022/RTOS_workspace02062022/RTOS_workspace/NUCLEO-G491RE_Myproject/ThirdParty/FreeRTOS/portable/GCC/ARM_CM4F" -I"C:/Projects/pt61/RTOS_workspace08062022/RTOS_workspace02062022/RTOS_workspace/NUCLEO-G491RE_Myproject/ThirdParty/FreeRTOS/include" -I../Drivers/STM32G4xx_HAL_Driver/Inc -I../Drivers/STM32G4xx_HAL_Driver/Inc/Legacy -I../Drivers/CMSIS/Device/ST/STM32G4xx/Include -I../Drivers/CMSIS/Include -O0 -ffunction-sections -fdata-sections -Wall -fstack-usage -MMD -MP -MF"Drivers/STM32G4xx_HAL_Driver/Src/stm32g4xx_hal_rcc_ex.d" -MT"Drivers/STM32G4xx_HAL_Driver/Src/stm32g4xx_hal_rcc_ex.o" --specs=nano.specs -mfpu=fpv4-sp-d16 -mfloat-abi=hard -mthumb -o "Drivers/STM32G4xx_HAL_Driver/Src/stm32g4xx_hal_rcc_ex.o"
arm-none-eabi-gcc "../Drivers/STM32G4xx_HAL_Driver/Src/stm32g4xx_hal_tim.c" -mcpu=cortex-m4 -std=gnu11 -g3 -DDEBUG -DUSE_HAL_DRIVER -DSTM32G491xx -c -I../Core/Inc -I"C:/Projects/pt61/RTOS_workspace08062022/RTOS_workspace02062022/RTOS_workspace/NUCLEO-G491RE_Myproject/ThirdParty/SEGGER/Rec" -I"C:/Projects/pt61/RTOS_workspace08062022/RTOS_workspace02062022/RTOS_workspace/NUCLEO-G491RE_Myproject/ThirdParty/SEGGER/Config" -I"C:/Projects/pt61/RTOS_workspace08062022/RTOS_workspace02062022/RTOS_workspace/NUCLEO-G491RE_Myproject/ThirdParty/SEGGER/OS" -I"C:/Projects/pt61/RTOS_workspace08062022/RTOS_workspace02062022/RTOS_workspace/NUCLEO-G491RE_Myproject/ThirdParty/SEGGER/SEGGER" -I"C:/Projects/pt61/RTOS_workspace08062022/RTOS_workspace02062022/RTOS_workspace/NUCLEO-G491RE_Myproject/ThirdParty/FreeRTOS" -I"C:/Projects/pt61/RTOS_workspace08062022/RTOS_workspace02062022/RTOS_workspace/NUCLEO-G491RE_Myproject/ThirdParty/FreeRTOS/portable/GCC/ARM_CM4F" -I"C:/Projects/pt61/RTOS_workspace08062022/RTOS_workspace02062022/RTOS_workspace/NUCLEO-G491RE_Myproject/ThirdParty/FreeRTOS/include" -I../Drivers/STM32G4xx_HAL_Driver/Inc -I../Drivers/STM32G4xx_HAL_Driver/Inc/Legacy -I../Drivers/CMSIS/Device/ST/STM32G4xx/Include -I../Drivers/CMSIS/Include -O0 -ffunction-sections -fdata-sections -Wall -fstack-usage -MMD -MP -MF"Drivers/STM32G4xx_HAL_Driver/Src/stm32g4xx_hal_tim.d" -MT"Drivers/STM32G4xx_HAL_Driver/Src/stm32g4xx_hal_tim.o" --specs=nano.specs -mfpu=fpv4-sp-d16 -mfloat-abi=hard -mthumb -o "Drivers/STM32G4xx_HAL_Driver/Src/stm32g4xx_hal_tim.o"
arm-none-eabi-gcc "../Drivers/STM32G4xx_HAL_Driver/Src/stm32g4xx_hal_tim_ex.c" -mcpu=cortex-m4 -std=gnu11 -g3 -DDEBUG -DUSE_HAL_DRIVER -DSTM32G491xx -c -I../Core/Inc -I"C:/Projects/pt61/RTOS_workspace08062022/RTOS_workspace02062022/RTOS_workspace/NUCLEO-G491RE_Myproject/ThirdParty/SEGGER/Rec" -I"C:/Projects/pt61/RTOS_workspace08062022/RTOS_workspace02062022/RTOS_workspace/NUCLEO-G491RE_Myproject/ThirdParty/SEGGER/Config" -I"C:/Projects/pt61/RTOS_workspace08062022/RTOS_workspace02062022/RTOS_workspace/NUCLEO-G491RE_Myproject/ThirdParty/SEGGER/OS" -I"C:/Projects/pt61/RTOS_workspace08062022/RTOS_workspace02062022/RTOS_workspace/NUCLEO-G491RE_Myproject/ThirdParty/SEGGER/SEGGER" -I"C:/Projects/pt61/RTOS_workspace08062022/RTOS_workspace02062022/RTOS_workspace/NUCLEO-G491RE_Myproject/ThirdParty/FreeRTOS" -I"C:/Projects/pt61/RTOS_workspace08062022/RTOS_workspace02062022/RTOS_workspace/NUCLEO-G491RE_Myproject/ThirdParty/FreeRTOS/portable/GCC/ARM_CM4F" -I"C:/Projects/pt61/RTOS_workspace08062022/RTOS_workspace02062022/RTOS_workspace/NUCLEO-G491RE_Myproject/ThirdParty/FreeRTOS/include" -I../Drivers/STM32G4xx_HAL_Driver/Inc -I../Drivers/STM32G4xx_HAL_Driver/Inc/Legacy -I../Drivers/CMSIS/Device/ST/STM32G4xx/Include -I../Drivers/CMSIS/Include -O0 -ffunction-sections -fdata-sections -Wall -fstack-usage -MMD -MP -MF"Drivers/STM32G4xx_HAL_Driver/Src/stm32g4xx_hal_tim_ex.d" -MT"Drivers/STM32G4xx_HAL_Driver/Src/stm32g4xx_hal_tim_ex.o" --specs=nano.specs -mfpu=fpv4-sp-d16 -mfloat-abi=hard -mthumb -o "Drivers/STM32G4xx_HAL_Driver/Src/stm32g4xx_hal_tim_ex.o"
arm-none-eabi-gcc "../Core/Src/main.c" -mcpu=cortex-m4 -std=gnu11 -g3 -DDEBUG -DUSE_HAL_DRIVER -DSTM32G491xx -c -I../Core/Inc -I"C:/Projects/pt61/RTOS_workspace08062022/RTOS_workspace02062022/RTOS_workspace/NUCLEO-G491RE_Myproject/ThirdParty/SEGGER/Rec" -I"C:/Projects/pt61/RTOS_workspace08062022/RTOS_workspace02062022/RTOS_workspace/NUCLEO-G491RE_Myproject/ThirdParty/SEGGER/Config" -I"C:/Projects/pt61/RTOS_workspace08062022/RTOS_workspace02062022/RTOS_workspace/NUCLEO-G491RE_Myproject/ThirdParty/SEGGER/OS" -I"C:/Projects/pt61/RTOS_workspace08062022/RTOS_workspace02062022/RTOS_workspace/NUCLEO-G491RE_Myproject/ThirdParty/SEGGER/SEGGER" -I"C:/Projects/pt61/RTOS_workspace08062022/RTOS_workspace02062022/RTOS_workspace/NUCLEO-G491RE_Myproject/ThirdParty/FreeRTOS" -I"C:/Projects/pt61/RTOS_workspace08062022/RTOS_workspace02062022/RTOS_workspace/NUCLEO-G491RE_Myproject/ThirdParty/FreeRTOS/portable/GCC/ARM_CM4F" -I"C:/Projects/pt61/RTOS_workspace08062022/RTOS_workspace02062022/RTOS_workspace/NUCLEO-G491RE_Myproject/ThirdParty/FreeRTOS/include" -I../Drivers/STM32G4xx_HAL_Driver/Inc -I../Drivers/STM32G4xx_HAL_Driver/Inc/Legacy -I../Drivers/CMSIS/Device/ST/STM32G4xx/Include -I../Drivers/CMSIS/Include -O0 -ffunction-sections -fdata-sections -Wall -fstack-usage -MMD -MP -MF"Core/Src/main.d" -MT"Core/Src/main.o" --specs=nano.specs -mfpu=fpv4-sp-d16 -mfloat-abi=hard -mthumb -o "Core/Src/main.o"
arm-none-eabi-gcc "../Core/Src/stm32g4xx_hal_msp.c" -mcpu=cortex-m4 -std=gnu11 -g3 -DDEBUG -DUSE_HAL_DRIVER -DSTM32G491xx -c -I../Core/Inc -I"C:/Projects/pt61/RTOS_workspace08062022/RTOS_workspace02062022/RTOS_workspace/NUCLEO-G491RE_Myproject/ThirdParty/SEGGER/Rec" -I"C:/Projects/pt61/RTOS_workspace08062022/RTOS_workspace02062022/RTOS_workspace/NUCLEO-G491RE_Myproject/ThirdParty/SEGGER/Config" -I"C:/Projects/pt61/RTOS_workspace08062022/RTOS_workspace02062022/RTOS_workspace/NUCLEO-G491RE_Myproject/ThirdParty/SEGGER/OS" -I"C:/Projects/pt61/RTOS_workspace08062022/RTOS_workspace02062022/RTOS_workspace/NUCLEO-G491RE_Myproject/ThirdParty/SEGGER/SEGGER" -I"C:/Projects/pt61/RTOS_workspace08062022/RTOS_workspace02062022/RTOS_workspace/NUCLEO-G491RE_Myproject/ThirdParty/FreeRTOS" -I"C:/Projects/pt61/RTOS_workspace08062022/RTOS_workspace02062022/RTOS_workspace/NUCLEO-G491RE_Myproject/ThirdParty/FreeRTOS/portable/GCC/ARM_CM4F" -I"C:/Projects/pt61/RTOS_workspace08062022/RTOS_workspace02062022/RTOS_workspace/NUCLEO-G491RE_Myproject/ThirdParty/FreeRTOS/include" -I../Drivers/STM32G4xx_HAL_Driver/Inc -I../Drivers/STM32G4xx_HAL_Driver/Inc/Legacy -I../Drivers/CMSIS/Device/ST/STM32G4xx/Include -I../Drivers/CMSIS/Include -O0 -ffunction-sections -fdata-sections -Wall -fstack-usage -MMD -MP -MF"Core/Src/stm32g4xx_hal_msp.d" -MT"Core/Src/stm32g4xx_hal_msp.o" --specs=nano.specs -mfpu=fpv4-sp-d16 -mfloat-abi=hard -mthumb -o "Core/Src/stm32g4xx_hal_msp.o"
arm-none-eabi-gcc "../Core/Src/stm32g4xx_hal_timebase_tim.c" -mcpu=cortex-m4 -std=gnu11 -g3 -DDEBUG -DUSE_HAL_DRIVER -DSTM32G491xx -c -I../Core/Inc -I"C:/Projects/pt61/RTOS_workspace08062022/RTOS_workspace02062022/RTOS_workspace/NUCLEO-G491RE_Myproject/ThirdParty/SEGGER/Rec" -I"C:/Projects/pt61/RTOS_workspace08062022/RTOS_workspace02062022/RTOS_workspace/NUCLEO-G491RE_Myproject/ThirdParty/SEGGER/Config" -I"C:/Projects/pt61/RTOS_workspace08062022/RTOS_workspace02062022/RTOS_workspace/NUCLEO-G491RE_Myproject/ThirdParty/SEGGER/OS" -I"C:/Projects/pt61/RTOS_workspace08062022/RTOS_workspace02062022/RTOS_workspace/NUCLEO-G491RE_Myproject/ThirdParty/SEGGER/SEGGER" -I"C:/Projects/pt61/RTOS_workspace08062022/RTOS_workspace02062022/RTOS_workspace/NUCLEO-G491RE_Myproject/ThirdParty/FreeRTOS" -I"C:/Projects/pt61/RTOS_workspace08062022/RTOS_workspace02062022/RTOS_workspace/NUCLEO-G491RE_Myproject/ThirdParty/FreeRTOS/portable/GCC/ARM_CM4F" -I"C:/Projects/pt61/RTOS_workspace08062022/RTOS_workspace02062022/RTOS_workspace/NUCLEO-G491RE_Myproject/ThirdParty/FreeRTOS/include" -I../Drivers/STM32G4xx_HAL_Driver/Inc -I../Drivers/STM32G4xx_HAL_Driver/Inc/Legacy -I../Drivers/CMSIS/Device/ST/STM32G4xx/Include -I../Drivers/CMSIS/Include -O0 -ffunction-sections -fdata-sections -Wall -fstack-usage -MMD -MP -MF"Core/Src/stm32g4xx_hal_timebase_tim.d" -MT"Core/Src/stm32g4xx_hal_timebase_tim.o" --specs=nano.specs -mfpu=fpv4-sp-d16 -mfloat-abi=hard -mthumb -o "Core/Src/stm32g4xx_hal_timebase_tim.o"
arm-none-eabi-gcc "../Core/Src/stm32g4xx_it.c" -mcpu=cortex-m4 -std=gnu11 -g3 -DDEBUG -DUSE_HAL_DRIVER -DSTM32G491xx -c -I../Core/Inc -I"C:/Projects/pt61/RTOS_workspace08062022/RTOS_workspace02062022/RTOS_workspace/NUCLEO-G491RE_Myproject/ThirdParty/SEGGER/Rec" -I"C:/Projects/pt61/RTOS_workspace08062022/RTOS_workspace02062022/RTOS_workspace/NUCLEO-G491RE_Myproject/ThirdParty/SEGGER/Config" -I"C:/Projects/pt61/RTOS_workspace08062022/RTOS_workspace02062022/RTOS_workspace/NUCLEO-G491RE_Myproject/ThirdParty/SEGGER/OS" -I"C:/Projects/pt61/RTOS_workspace08062022/RTOS_workspace02062022/RTOS_workspace/NUCLEO-G491RE_Myproject/ThirdParty/SEGGER/SEGGER" -I"C:/Projects/pt61/RTOS_workspace08062022/RTOS_workspace02062022/RTOS_workspace/NUCLEO-G491RE_Myproject/ThirdParty/FreeRTOS" -I"C:/Projects/pt61/RTOS_workspace08062022/RTOS_workspace02062022/RTOS_workspace/NUCLEO-G491RE_Myproject/ThirdParty/FreeRTOS/portable/GCC/ARM_CM4F" -I"C:/Projects/pt61/RTOS_workspace08062022/RTOS_workspace02062022/RTOS_workspace/NUCLEO-G491RE_Myproject/ThirdParty/FreeRTOS/include" -I../Drivers/STM32G4xx_HAL_Driver/Inc -I../Drivers/STM32G4xx_HAL_Driver/Inc/Legacy -I../Drivers/CMSIS/Device/ST/STM32G4xx/Include -I../Drivers/CMSIS/Include -O0 -ffunction-sections -fdata-sections -Wall -fstack-usage -MMD -MP -MF"Core/Src/stm32g4xx_it.d" -MT"Core/Src/stm32g4xx_it.o" --specs=nano.specs -mfpu=fpv4-sp-d16 -mfloat-abi=hard -mthumb -o "Core/Src/stm32g4xx_it.o"
arm-none-eabi-gcc "../Core/Src/system_stm32g4xx.c" -mcpu=cortex-m4 -std=gnu11 -g3 -DDEBUG -DUSE_HAL_DRIVER -DSTM32G491xx -c -I../Core/Inc -I"C:/Projects/pt61/RTOS_workspace08062022/RTOS_workspace02062022/RTOS_workspace/NUCLEO-G491RE_Myproject/ThirdParty/SEGGER/Rec" -I"C:/Projects/pt61/RTOS_workspace08062022/RTOS_workspace02062022/RTOS_workspace/NUCLEO-G491RE_Myproject/ThirdParty/SEGGER/Config" -I"C:/Projects/pt61/RTOS_workspace08062022/RTOS_workspace02062022/RTOS_workspace/NUCLEO-G491RE_Myproject/ThirdParty/SEGGER/OS" -I"C:/Projects/pt61/RTOS_workspace08062022/RTOS_workspace02062022/RTOS_workspace/NUCLEO-G491RE_Myproject/ThirdParty/SEGGER/SEGGER" -I"C:/Projects/pt61/RTOS_workspace08062022/RTOS_workspace02062022/RTOS_workspace/NUCLEO-G491RE_Myproject/ThirdParty/FreeRTOS" -I"C:/Projects/pt61/RTOS_workspace08062022/RTOS_workspace02062022/RTOS_workspace/NUCLEO-G491RE_Myproject/ThirdParty/FreeRTOS/portable/GCC/ARM_CM4F" -I"C:/Projects/pt61/RTOS_workspace08062022/RTOS_workspace02062022/RTOS_workspace/NUCLEO-G491RE_Myproject/ThirdParty/FreeRTOS/include" -I../Drivers/STM32G4xx_HAL_Driver/Inc -I../Drivers/STM32G4xx_HAL_Driver/Inc/Legacy -I../Drivers/CMSIS/Device/ST/STM32G4xx/Include -I../Drivers/CMSIS/Include -O0 -ffunction-sections -fdata-sections -Wall -fstack-usage -MMD -MP -MF"Core/Src/system_stm32g4xx.d" -MT"Core/Src/system_stm32g4xx.o" --specs=nano.specs -mfpu=fpv4-sp-d16 -mfloat-abi=hard -mthumb -o "Core/Src/system_stm32g4xx.o"
arm-none-eabi-gcc -o "NUCLEO-G491RE_Myproject.elf" @"objects.list"   -mcpu=cortex-m4 -T"C:\Projects\pt61\RTOS_workspace08062022\RTOS_workspace02062022\RTOS_workspace\NUCLEO-G491RE_Myproject\STM32G491RETX_FLASH.ld" --specs=nosys.specs -Wl,-Map="NUCLEO-G491RE_Myproject.map" -Wl,--gc-sections -static --specs=nano.specs -mfpu=fpv4-sp-d16 -mfloat-abi=hard -mthumb -Wl,--start-group -lc -lm -Wl,--end-group
Finished building target: NUCLEO-G491RE_Myproject.elf
 
arm-none-eabi-size   NUCLEO-G491RE_Myproject.elf 
arm-none-eabi-objdump -h -S  NUCLEO-G491RE_Myproject.elf  > "NUCLEO-G491RE_Myproject.list"
   text	   data	    bss	    dec	    hex	filename
  37300	    136	  84752	 122188	  1dd4c	NUCLEO-G491RE_Myproject.elf
Finished building: default.size.stdout
 
Finished building: NUCLEO-G491RE_Myproject.list
 
11:10:54 **** Incremental Build of configuration Debug for project NUCLEO-G491RE_Myproject ****
make -j6 all 
arm-none-eabi-gcc "../Core/Src/main.c" -mcpu=cortex-m4 -std=gnu11 -g3 -DDEBUG -DUSE_HAL_DRIVER -DSTM32G491xx -c -I../Core/Inc -I"C:/Projects/pt61/RTOS_workspace08062022/RTOS_workspace02062022/RTOS_workspace/NUCLEO-G491RE_Myproject/ThirdParty/SEGGER/Rec" -I"C:/Projects/pt61/RTOS_workspace08062022/RTOS_workspace02062022/RTOS_workspace/NUCLEO-G491RE_Myproject/ThirdParty/SEGGER/Config" -I"C:/Projects/pt61/RTOS_workspace08062022/RTOS_workspace02062022/RTOS_workspace/NUCLEO-G491RE_Myproject/ThirdParty/SEGGER/OS" -I"C:/Projects/pt61/RTOS_workspace08062022/RTOS_workspace02062022/RTOS_workspace/NUCLEO-G491RE_Myproject/ThirdParty/SEGGER/SEGGER" -I"C:/Projects/pt61/RTOS_workspace08062022/RTOS_workspace02062022/RTOS_workspace/NUCLEO-G491RE_Myproject/ThirdParty/FreeRTOS" -I"C:/Projects/pt61/RTOS_workspace08062022/RTOS_workspace02062022/RTOS_workspace/NUCLEO-G491RE_Myproject/ThirdParty/FreeRTOS/portable/GCC/ARM_CM4F" -I"C:/Projects/pt61/RTOS_workspace08062022/RTOS_workspace02062022/RTOS_workspace/NUCLEO-G491RE_Myproject/ThirdParty/FreeRTOS/include" -I../Drivers/STM32G4xx_HAL_Driver/Inc -I../Drivers/STM32G4xx_HAL_Driver/Inc/Legacy -I../Drivers/CMSIS/Device/ST/STM32G4xx/Include -I../Drivers/CMSIS/Include -O0 -ffunction-sections -fdata-sections -Wall -fstack-usage -MMD -MP -MF"Core/Src/main.d" -MT"Core/Src/main.o" --specs=nano.specs -mfpu=fpv4-sp-d16 -mfloat-abi=hard -mthumb -o "Core/Src/main.o"
../Core/Src/main.c: In function 'task1_handler':
../Core/Src/main.c:336:24: warning: unsigned conversion from 'int' to 'uint16_t' {aka 'short unsigned int'} changes value from '16777215' to '65535' [-Woverflow]
  336 |  uint16_t analog_out = 0xFFFFFF;
      |                        ^~~~~~~~
arm-none-eabi-gcc -o "NUCLEO-G491RE_Myproject.elf" @"objects.list"   -mcpu=cortex-m4 -T"C:\Projects\pt61\RTOS_workspace08062022\RTOS_workspace02062022\RTOS_workspace\NUCLEO-G491RE_Myproject\STM32G491RETX_FLASH.ld" --specs=nosys.specs -Wl,-Map="NUCLEO-G491RE_Myproject.map" -Wl,--gc-sections -static --specs=nano.specs -mfpu=fpv4-sp-d16 -mfloat-abi=hard -mthumb -Wl,--start-group -lc -lm -Wl,--end-group
Finished building target: NUCLEO-G491RE_Myproject.elf
 
arm-none-eabi-size   NUCLEO-G491RE_Myproject.elf 
arm-none-eabi-objdump -h -S  NUCLEO-G491RE_Myproject.elf  > "NUCLEO-G491RE_Myproject.list"
   text	   data	    bss	    dec	    hex	filename
  37268	    136	  84752	 122156	  1dd2c	NUCLEO-G491RE_Myproject.elf
Finished building: default.size.stdout
 
Finished building: NUCLEO-G491RE_Myproject.list
 
11:11:36 **** Incremental Build of configuration Debug for project NUCLEO-G491RE_Myproject ****
make -j6 all 
arm-none-eabi-gcc "../Core/Src/main.c" -mcpu=cortex-m4 -std=gnu11 -g3 -DDEBUG -DUSE_HAL_DRIVER -DSTM32G491xx -c -I../Core/Inc -I"C:/Projects/pt61/RTOS_workspace08062022/RTOS_workspace02062022/RTOS_workspace/NUCLEO-G491RE_Myproject/ThirdParty/SEGGER/Rec" -I"C:/Projects/pt61/RTOS_workspace08062022/RTOS_workspace02062022/RTOS_workspace/NUCLEO-G491RE_Myproject/ThirdParty/SEGGER/Config" -I"C:/Projects/pt61/RTOS_workspace08062022/RTOS_workspace02062022/RTOS_workspace/NUCLEO-G491RE_Myproject/ThirdParty/SEGGER/OS" -I"C:/Projects/pt61/RTOS_workspace08062022/RTOS_workspace02062022/RTOS_workspace/NUCLEO-G491RE_Myproject/ThirdParty/SEGGER/SEGGER" -I"C:/Projects/pt61/RTOS_workspace08062022/RTOS_workspace02062022/RTOS_workspace/NUCLEO-G491RE_Myproject/ThirdParty/FreeRTOS" -I"C:/Projects/pt61/RTOS_workspace08062022/RTOS_workspace02062022/RTOS_workspace/NUCLEO-G491RE_Myproject/ThirdParty/FreeRTOS/portable/GCC/ARM_CM4F" -I"C:/Projects/pt61/RTOS_workspace08062022/RTOS_workspace02062022/RTOS_workspace/NUCLEO-G491RE_Myproject/ThirdParty/FreeRTOS/include" -I../Drivers/STM32G4xx_HAL_Driver/Inc -I../Drivers/STM32G4xx_HAL_Driver/Inc/Legacy -I../Drivers/CMSIS/Device/ST/STM32G4xx/Include -I../Drivers/CMSIS/Include -O0 -ffunction-sections -fdata-sections -Wall -fstack-usage -MMD -MP -MF"Core/Src/main.d" -MT"Core/Src/main.o" --specs=nano.specs -mfpu=fpv4-sp-d16 -mfloat-abi=hard -mthumb -o "Core/Src/main.o"
arm-none-eabi-gcc -o "NUCLEO-G491RE_Myproject.elf" @"objects.list"   -mcpu=cortex-m4 -T"C:\Projects\pt61\RTOS_workspace08062022\RTOS_workspace02062022\RTOS_workspace\NUCLEO-G491RE_Myproject\STM32G491RETX_FLASH.ld" --specs=nosys.specs -Wl,-Map="NUCLEO-G491RE_Myproject.map" -Wl,--gc-sections -static --specs=nano.specs -mfpu=fpv4-sp-d16 -mfloat-abi=hard -mthumb -Wl,--start-group -lc -lm -Wl,--end-group
Finished building target: NUCLEO-G491RE_Myproject.elf
 
arm-none-eabi-size   NUCLEO-G491RE_Myproject.elf 
arm-none-eabi-objdump -h -S  NUCLEO-G491RE_Myproject.elf  > "NUCLEO-G491RE_Myproject.list"
   text	   data	    bss	    dec	    hex	filename
  37268	    136	  84752	 122156	  1dd2c	NUCLEO-G491RE_Myproject.elf
Finished building: default.size.stdout
 
Finished building: NUCLEO-G491RE_Myproject.list
 
11:28:42 **** Incremental Build of configuration Debug for project NUCLEO-G491RE_Myproject ****
make -j6 all 
arm-none-eabi-gcc "../Core/Src/main.c" -mcpu=cortex-m4 -std=gnu11 -g3 -DDEBUG -DUSE_HAL_DRIVER -DSTM32G491xx -c -I../Core/Inc -I"C:/Projects/pt61/RTOS_workspace08062022/RTOS_workspace02062022/RTOS_workspace/NUCLEO-G491RE_Myproject/ThirdParty/SEGGER/Rec" -I"C:/Projects/pt61/RTOS_workspace08062022/RTOS_workspace02062022/RTOS_workspace/NUCLEO-G491RE_Myproject/ThirdParty/SEGGER/Config" -I"C:/Projects/pt61/RTOS_workspace08062022/RTOS_workspace02062022/RTOS_workspace/NUCLEO-G491RE_Myproject/ThirdParty/SEGGER/OS" -I"C:/Projects/pt61/RTOS_workspace08062022/RTOS_workspace02062022/RTOS_workspace/NUCLEO-G491RE_Myproject/ThirdParty/SEGGER/SEGGER" -I"C:/Projects/pt61/RTOS_workspace08062022/RTOS_workspace02062022/RTOS_workspace/NUCLEO-G491RE_Myproject/ThirdParty/FreeRTOS" -I"C:/Projects/pt61/RTOS_workspace08062022/RTOS_workspace02062022/RTOS_workspace/NUCLEO-G491RE_Myproject/ThirdParty/FreeRTOS/portable/GCC/ARM_CM4F" -I"C:/Projects/pt61/RTOS_workspace08062022/RTOS_workspace02062022/RTOS_workspace/NUCLEO-G491RE_Myproject/ThirdParty/FreeRTOS/include" -I../Drivers/STM32G4xx_HAL_Driver/Inc -I../Drivers/STM32G4xx_HAL_Driver/Inc/Legacy -I../Drivers/CMSIS/Device/ST/STM32G4xx/Include -I../Drivers/CMSIS/Include -O0 -ffunction-sections -fdata-sections -Wall -fstack-usage -MMD -MP -MF"Core/Src/main.d" -MT"Core/Src/main.o" --specs=nano.specs -mfpu=fpv4-sp-d16 -mfloat-abi=hard -mthumb -o "Core/Src/main.o"
arm-none-eabi-gcc -o "NUCLEO-G491RE_Myproject.elf" @"objects.list"   -mcpu=cortex-m4 -T"C:\Projects\pt61\RTOS_workspace08062022\RTOS_workspace02062022\RTOS_workspace\NUCLEO-G491RE_Myproject\STM32G491RETX_FLASH.ld" --specs=nosys.specs -Wl,-Map="NUCLEO-G491RE_Myproject.map" -Wl,--gc-sections -static --specs=nano.specs -mfpu=fpv4-sp-d16 -mfloat-abi=hard -mthumb -Wl,--start-group -lc -lm -Wl,--end-group
Finished building target: NUCLEO-G491RE_Myproject.elf
 
arm-none-eabi-size   NUCLEO-G491RE_Myproject.elf 
arm-none-eabi-objdump -h -S  NUCLEO-G491RE_Myproject.elf  > "NUCLEO-G491RE_Myproject.list"
   text	   data	    bss	    dec	    hex	filename
  37444	    136	  84752	 122332	  1dddc	NUCLEO-G491RE_Myproject.elf
Finished building: default.size.stdout
 
Finished building: NUCLEO-G491RE_Myproject.list
 
11:29:05 **** Incremental Build of configuration Debug for project NUCLEO-G491RE_Myproject ****
make -j6 all 
arm-none-eabi-gcc "../Core/Src/main.c" -mcpu=cortex-m4 -std=gnu11 -g3 -DDEBUG -DUSE_HAL_DRIVER -DSTM32G491xx -c -I../Core/Inc -I"C:/Projects/pt61/RTOS_workspace08062022/RTOS_workspace02062022/RTOS_workspace/NUCLEO-G491RE_Myproject/ThirdParty/SEGGER/Rec" -I"C:/Projects/pt61/RTOS_workspace08062022/RTOS_workspace02062022/RTOS_workspace/NUCLEO-G491RE_Myproject/ThirdParty/SEGGER/Config" -I"C:/Projects/pt61/RTOS_workspace08062022/RTOS_workspace02062022/RTOS_workspace/NUCLEO-G491RE_Myproject/ThirdParty/SEGGER/OS" -I"C:/Projects/pt61/RTOS_workspace08062022/RTOS_workspace02062022/RTOS_workspace/NUCLEO-G491RE_Myproject/ThirdParty/SEGGER/SEGGER" -I"C:/Projects/pt61/RTOS_workspace08062022/RTOS_workspace02062022/RTOS_workspace/NUCLEO-G491RE_Myproject/ThirdParty/FreeRTOS" -I"C:/Projects/pt61/RTOS_workspace08062022/RTOS_workspace02062022/RTOS_workspace/NUCLEO-G491RE_Myproject/ThirdParty/FreeRTOS/portable/GCC/ARM_CM4F" -I"C:/Projects/pt61/RTOS_workspace08062022/RTOS_workspace02062022/RTOS_workspace/NUCLEO-G491RE_Myproject/ThirdParty/FreeRTOS/include" -I../Drivers/STM32G4xx_HAL_Driver/Inc -I../Drivers/STM32G4xx_HAL_Driver/Inc/Legacy -I../Drivers/CMSIS/Device/ST/STM32G4xx/Include -I../Drivers/CMSIS/Include -O0 -ffunction-sections -fdata-sections -Wall -fstack-usage -MMD -MP -MF"Core/Src/main.d" -MT"Core/Src/main.o" --specs=nano.specs -mfpu=fpv4-sp-d16 -mfloat-abi=hard -mthumb -o "Core/Src/main.o"
arm-none-eabi-gcc -o "NUCLEO-G491RE_Myproject.elf" @"objects.list"   -mcpu=cortex-m4 -T"C:\Projects\pt61\RTOS_workspace08062022\RTOS_workspace02062022\RTOS_workspace\NUCLEO-G491RE_Myproject\STM32G491RETX_FLASH.ld" --specs=nosys.specs -Wl,-Map="NUCLEO-G491RE_Myproject.map" -Wl,--gc-sections -static --specs=nano.specs -mfpu=fpv4-sp-d16 -mfloat-abi=hard -mthumb -Wl,--start-group -lc -lm -Wl,--end-group
Finished building target: NUCLEO-G491RE_Myproject.elf
 
arm-none-eabi-size   NUCLEO-G491RE_Myproject.elf 
arm-none-eabi-objdump -h -S  NUCLEO-G491RE_Myproject.elf  > "NUCLEO-G491RE_Myproject.list"
   text	   data	    bss	    dec	    hex	filename
  37444	    136	  84752	 122332	  1dddc	NUCLEO-G491RE_Myproject.elf
Finished building: default.size.stdout
 
Finished building: NUCLEO-G491RE_Myproject.list
 
11:31:51 **** Incremental Build of configuration Debug for project NUCLEO-G491RE_Myproject ****
make -j6 all 
arm-none-eabi-size   NUCLEO-G491RE_Myproject.elf 
   text	   data	    bss	    dec	    hex	filename
  37444	    136	  84752	 122332	  1dddc	NUCLEO-G491RE_Myproject.elf
Finished building: default.size.stdout
 
11:46:19 **** Incremental Build of configuration Debug for project NUCLEO-G491RE_Myproject ****
make -j6 all 
arm-none-eabi-size   NUCLEO-G491RE_Myproject.elf 
   text	   data	    bss	    dec	    hex	filename
  37444	    136	  84752	 122332	  1dddc	NUCLEO-G491RE_Myproject.elf
Finished building: default.size.stdout
 
11:50:27 **** Incremental Build of configuration Debug for project NUCLEO-G491RE_Myproject ****
make -j6 all 
arm-none-eabi-gcc "../Core/Src/main.c" -mcpu=cortex-m4 -std=gnu11 -g3 -DDEBUG -DUSE_HAL_DRIVER -DSTM32G491xx -c -I../Core/Inc -I"C:/Projects/pt61/RTOS_workspace08062022/RTOS_workspace02062022/RTOS_workspace/NUCLEO-G491RE_Myproject/ThirdParty/SEGGER/Rec" -I"C:/Projects/pt61/RTOS_workspace08062022/RTOS_workspace02062022/RTOS_workspace/NUCLEO-G491RE_Myproject/ThirdParty/SEGGER/Config" -I"C:/Projects/pt61/RTOS_workspace08062022/RTOS_workspace02062022/RTOS_workspace/NUCLEO-G491RE_Myproject/ThirdParty/SEGGER/OS" -I"C:/Projects/pt61/RTOS_workspace08062022/RTOS_workspace02062022/RTOS_workspace/NUCLEO-G491RE_Myproject/ThirdParty/SEGGER/SEGGER" -I"C:/Projects/pt61/RTOS_workspace08062022/RTOS_workspace02062022/RTOS_workspace/NUCLEO-G491RE_Myproject/ThirdParty/FreeRTOS" -I"C:/Projects/pt61/RTOS_workspace08062022/RTOS_workspace02062022/RTOS_workspace/NUCLEO-G491RE_Myproject/ThirdParty/FreeRTOS/portable/GCC/ARM_CM4F" -I"C:/Projects/pt61/RTOS_workspace08062022/RTOS_workspace02062022/RTOS_workspace/NUCLEO-G491RE_Myproject/ThirdParty/FreeRTOS/include" -I../Drivers/STM32G4xx_HAL_Driver/Inc -I../Drivers/STM32G4xx_HAL_Driver/Inc/Legacy -I../Drivers/CMSIS/Device/ST/STM32G4xx/Include -I../Drivers/CMSIS/Include -O0 -ffunction-sections -fdata-sections -Wall -fstack-usage -MMD -MP -MF"Core/Src/main.d" -MT"Core/Src/main.o" --specs=nano.specs -mfpu=fpv4-sp-d16 -mfloat-abi=hard -mthumb -o "Core/Src/main.o"
arm-none-eabi-gcc -o "NUCLEO-G491RE_Myproject.elf" @"objects.list"   -mcpu=cortex-m4 -T"C:\Projects\pt61\RTOS_workspace08062022\RTOS_workspace02062022\RTOS_workspace\NUCLEO-G491RE_Myproject\STM32G491RETX_FLASH.ld" --specs=nosys.specs -Wl,-Map="NUCLEO-G491RE_Myproject.map" -Wl,--gc-sections -static --specs=nano.specs -mfpu=fpv4-sp-d16 -mfloat-abi=hard -mthumb -Wl,--start-group -lc -lm -Wl,--end-group
Finished building target: NUCLEO-G491RE_Myproject.elf
 
arm-none-eabi-size   NUCLEO-G491RE_Myproject.elf 
arm-none-eabi-objdump -h -S  NUCLEO-G491RE_Myproject.elf  > "NUCLEO-G491RE_Myproject.list"
   text	   data	    bss	    dec	    hex	filename
  37396	    136	  84752	 122284	  1ddac	NUCLEO-G491RE_Myproject.elf
Finished building: default.size.stdout
 
Finished building: NUCLEO-G491RE_Myproject.list
 
11:50:47 **** Incremental Build of configuration Debug for project NUCLEO-G491RE_Myproject ****
make -j6 all 
arm-none-eabi-size   NUCLEO-G491RE_Myproject.elf 
   text	   data	    bss	    dec	    hex	filename
  37396	    136	  84752	 122284	  1ddac	NUCLEO-G491RE_Myproject.elf
Finished building: default.size.stdout
 
11:51:20 **** Incremental Build of configuration Debug for project NUCLEO-G491RE_Myproject ****
make -j6 all 
arm-none-eabi-gcc "../Core/Src/main.c" -mcpu=cortex-m4 -std=gnu11 -g3 -DDEBUG -DUSE_HAL_DRIVER -DSTM32G491xx -c -I../Core/Inc -I"C:/Projects/pt61/RTOS_workspace08062022/RTOS_workspace02062022/RTOS_workspace/NUCLEO-G491RE_Myproject/ThirdParty/SEGGER/Rec" -I"C:/Projects/pt61/RTOS_workspace08062022/RTOS_workspace02062022/RTOS_workspace/NUCLEO-G491RE_Myproject/ThirdParty/SEGGER/Config" -I"C:/Projects/pt61/RTOS_workspace08062022/RTOS_workspace02062022/RTOS_workspace/NUCLEO-G491RE_Myproject/ThirdParty/SEGGER/OS" -I"C:/Projects/pt61/RTOS_workspace08062022/RTOS_workspace02062022/RTOS_workspace/NUCLEO-G491RE_Myproject/ThirdParty/SEGGER/SEGGER" -I"C:/Projects/pt61/RTOS_workspace08062022/RTOS_workspace02062022/RTOS_workspace/NUCLEO-G491RE_Myproject/ThirdParty/FreeRTOS" -I"C:/Projects/pt61/RTOS_workspace08062022/RTOS_workspace02062022/RTOS_workspace/NUCLEO-G491RE_Myproject/ThirdParty/FreeRTOS/portable/GCC/ARM_CM4F" -I"C:/Projects/pt61/RTOS_workspace08062022/RTOS_workspace02062022/RTOS_workspace/NUCLEO-G491RE_Myproject/ThirdParty/FreeRTOS/include" -I../Drivers/STM32G4xx_HAL_Driver/Inc -I../Drivers/STM32G4xx_HAL_Driver/Inc/Legacy -I../Drivers/CMSIS/Device/ST/STM32G4xx/Include -I../Drivers/CMSIS/Include -O0 -ffunction-sections -fdata-sections -Wall -fstack-usage -MMD -MP -MF"Core/Src/main.d" -MT"Core/Src/main.o" --specs=nano.specs -mfpu=fpv4-sp-d16 -mfloat-abi=hard -mthumb -o "Core/Src/main.o"
arm-none-eabi-gcc -o "NUCLEO-G491RE_Myproject.elf" @"objects.list"   -mcpu=cortex-m4 -T"C:\Projects\pt61\RTOS_workspace08062022\RTOS_workspace02062022\RTOS_workspace\NUCLEO-G491RE_Myproject\STM32G491RETX_FLASH.ld" --specs=nosys.specs -Wl,-Map="NUCLEO-G491RE_Myproject.map" -Wl,--gc-sections -static --specs=nano.specs -mfpu=fpv4-sp-d16 -mfloat-abi=hard -mthumb -Wl,--start-group -lc -lm -Wl,--end-group
Finished building target: NUCLEO-G491RE_Myproject.elf
 
arm-none-eabi-size   NUCLEO-G491RE_Myproject.elf 
arm-none-eabi-objdump -h -S  NUCLEO-G491RE_Myproject.elf  > "NUCLEO-G491RE_Myproject.list"
   text	   data	    bss	    dec	    hex	filename
  37396	    136	  84752	 122284	  1ddac	NUCLEO-G491RE_Myproject.elf
Finished building: default.size.stdout
 
Finished building: NUCLEO-G491RE_Myproject.list
 
11:52:15 **** Incremental Build of configuration Debug for project NUCLEO-G491RE_Myproject ****
make -j6 all 
arm-none-eabi-size   NUCLEO-G491RE_Myproject.elf 
   text	   data	    bss	    dec	    hex	filename
  37396	    136	  84752	 122284	  1ddac	NUCLEO-G491RE_Myproject.elf
Finished building: default.size.stdout
 
11:54:02 **** Incremental Build of configuration Debug for project NUCLEO-G491RE_Myproject ****
make -j6 all 
arm-none-eabi-gcc "../Core/Src/main.c" -mcpu=cortex-m4 -std=gnu11 -g3 -DDEBUG -DUSE_HAL_DRIVER -DSTM32G491xx -c -I../Core/Inc -I"C:/Projects/pt61/RTOS_workspace08062022/RTOS_workspace02062022/RTOS_workspace/NUCLEO-G491RE_Myproject/ThirdParty/SEGGER/Rec" -I"C:/Projects/pt61/RTOS_workspace08062022/RTOS_workspace02062022/RTOS_workspace/NUCLEO-G491RE_Myproject/ThirdParty/SEGGER/Config" -I"C:/Projects/pt61/RTOS_workspace08062022/RTOS_workspace02062022/RTOS_workspace/NUCLEO-G491RE_Myproject/ThirdParty/SEGGER/OS" -I"C:/Projects/pt61/RTOS_workspace08062022/RTOS_workspace02062022/RTOS_workspace/NUCLEO-G491RE_Myproject/ThirdParty/SEGGER/SEGGER" -I"C:/Projects/pt61/RTOS_workspace08062022/RTOS_workspace02062022/RTOS_workspace/NUCLEO-G491RE_Myproject/ThirdParty/FreeRTOS" -I"C:/Projects/pt61/RTOS_workspace08062022/RTOS_workspace02062022/RTOS_workspace/NUCLEO-G491RE_Myproject/ThirdParty/FreeRTOS/portable/GCC/ARM_CM4F" -I"C:/Projects/pt61/RTOS_workspace08062022/RTOS_workspace02062022/RTOS_workspace/NUCLEO-G491RE_Myproject/ThirdParty/FreeRTOS/include" -I../Drivers/STM32G4xx_HAL_Driver/Inc -I../Drivers/STM32G4xx_HAL_Driver/Inc/Legacy -I../Drivers/CMSIS/Device/ST/STM32G4xx/Include -I../Drivers/CMSIS/Include -O0 -ffunction-sections -fdata-sections -Wall -fstack-usage -MMD -MP -MF"Core/Src/main.d" -MT"Core/Src/main.o" --specs=nano.specs -mfpu=fpv4-sp-d16 -mfloat-abi=hard -mthumb -o "Core/Src/main.o"
arm-none-eabi-gcc -o "NUCLEO-G491RE_Myproject.elf" @"objects.list"   -mcpu=cortex-m4 -T"C:\Projects\pt61\RTOS_workspace08062022\RTOS_workspace02062022\RTOS_workspace\NUCLEO-G491RE_Myproject\STM32G491RETX_FLASH.ld" --specs=nosys.specs -Wl,-Map="NUCLEO-G491RE_Myproject.map" -Wl,--gc-sections -static --specs=nano.specs -mfpu=fpv4-sp-d16 -mfloat-abi=hard -mthumb -Wl,--start-group -lc -lm -Wl,--end-group
Finished building target: NUCLEO-G491RE_Myproject.elf
 
arm-none-eabi-size   NUCLEO-G491RE_Myproject.elf 
arm-none-eabi-objdump -h -S  NUCLEO-G491RE_Myproject.elf  > "NUCLEO-G491RE_Myproject.list"
   text	   data	    bss	    dec	    hex	filename
  37444	    136	  84752	 122332	  1dddc	NUCLEO-G491RE_Myproject.elf
Finished building: default.size.stdout
 
Finished building: NUCLEO-G491RE_Myproject.list
 
11:54:53 **** Incremental Build of configuration Debug for project NUCLEO-G491RE_Myproject ****
make -j6 all 
arm-none-eabi-size   NUCLEO-G491RE_Myproject.elf 
   text	   data	    bss	    dec	    hex	filename
  37444	    136	  84752	 122332	  1dddc	NUCLEO-G491RE_Myproject.elf
Finished building: default.size.stdout
 
11:55:29 **** Incremental Build of configuration Debug for project NUCLEO-G491RE_Myproject ****
make -j6 all 
arm-none-eabi-gcc "../Core/Src/main.c" -mcpu=cortex-m4 -std=gnu11 -g3 -DDEBUG -DUSE_HAL_DRIVER -DSTM32G491xx -c -I../Core/Inc -I"C:/Projects/pt61/RTOS_workspace08062022/RTOS_workspace02062022/RTOS_workspace/NUCLEO-G491RE_Myproject/ThirdParty/SEGGER/Rec" -I"C:/Projects/pt61/RTOS_workspace08062022/RTOS_workspace02062022/RTOS_workspace/NUCLEO-G491RE_Myproject/ThirdParty/SEGGER/Config" -I"C:/Projects/pt61/RTOS_workspace08062022/RTOS_workspace02062022/RTOS_workspace/NUCLEO-G491RE_Myproject/ThirdParty/SEGGER/OS" -I"C:/Projects/pt61/RTOS_workspace08062022/RTOS_workspace02062022/RTOS_workspace/NUCLEO-G491RE_Myproject/ThirdParty/SEGGER/SEGGER" -I"C:/Projects/pt61/RTOS_workspace08062022/RTOS_workspace02062022/RTOS_workspace/NUCLEO-G491RE_Myproject/ThirdParty/FreeRTOS" -I"C:/Projects/pt61/RTOS_workspace08062022/RTOS_workspace02062022/RTOS_workspace/NUCLEO-G491RE_Myproject/ThirdParty/FreeRTOS/portable/GCC/ARM_CM4F" -I"C:/Projects/pt61/RTOS_workspace08062022/RTOS_workspace02062022/RTOS_workspace/NUCLEO-G491RE_Myproject/ThirdParty/FreeRTOS/include" -I../Drivers/STM32G4xx_HAL_Driver/Inc -I../Drivers/STM32G4xx_HAL_Driver/Inc/Legacy -I../Drivers/CMSIS/Device/ST/STM32G4xx/Include -I../Drivers/CMSIS/Include -O0 -ffunction-sections -fdata-sections -Wall -fstack-usage -MMD -MP -MF"Core/Src/main.d" -MT"Core/Src/main.o" --specs=nano.specs -mfpu=fpv4-sp-d16 -mfloat-abi=hard -mthumb -o "Core/Src/main.o"
arm-none-eabi-gcc -o "NUCLEO-G491RE_Myproject.elf" @"objects.list"   -mcpu=cortex-m4 -T"C:\Projects\pt61\RTOS_workspace08062022\RTOS_workspace02062022\RTOS_workspace\NUCLEO-G491RE_Myproject\STM32G491RETX_FLASH.ld" --specs=nosys.specs -Wl,-Map="NUCLEO-G491RE_Myproject.map" -Wl,--gc-sections -static --specs=nano.specs -mfpu=fpv4-sp-d16 -mfloat-abi=hard -mthumb -Wl,--start-group -lc -lm -Wl,--end-group
Finished building target: NUCLEO-G491RE_Myproject.elf
 
arm-none-eabi-size   NUCLEO-G491RE_Myproject.elf 
arm-none-eabi-objdump -h -S  NUCLEO-G491RE_Myproject.elf  > "NUCLEO-G491RE_Myproject.list"
   text	   data	    bss	    dec	    hex	filename
  37444	    136	  84752	 122332	  1dddc	NUCLEO-G491RE_Myproject.elf
Finished building: default.size.stdout
 
Finished building: NUCLEO-G491RE_Myproject.list
 
11:57:29 **** Incremental Build of configuration Debug for project NUCLEO-G491RE_Myproject ****
make -j6 all 
arm-none-eabi-gcc "../Core/Src/main.c" -mcpu=cortex-m4 -std=gnu11 -g3 -DDEBUG -DUSE_HAL_DRIVER -DSTM32G491xx -c -I../Core/Inc -I"C:/Projects/pt61/RTOS_workspace08062022/RTOS_workspace02062022/RTOS_workspace/NUCLEO-G491RE_Myproject/ThirdParty/SEGGER/Rec" -I"C:/Projects/pt61/RTOS_workspace08062022/RTOS_workspace02062022/RTOS_workspace/NUCLEO-G491RE_Myproject/ThirdParty/SEGGER/Config" -I"C:/Projects/pt61/RTOS_workspace08062022/RTOS_workspace02062022/RTOS_workspace/NUCLEO-G491RE_Myproject/ThirdParty/SEGGER/OS" -I"C:/Projects/pt61/RTOS_workspace08062022/RTOS_workspace02062022/RTOS_workspace/NUCLEO-G491RE_Myproject/ThirdParty/SEGGER/SEGGER" -I"C:/Projects/pt61/RTOS_workspace08062022/RTOS_workspace02062022/RTOS_workspace/NUCLEO-G491RE_Myproject/ThirdParty/FreeRTOS" -I"C:/Projects/pt61/RTOS_workspace08062022/RTOS_workspace02062022/RTOS_workspace/NUCLEO-G491RE_Myproject/ThirdParty/FreeRTOS/portable/GCC/ARM_CM4F" -I"C:/Projects/pt61/RTOS_workspace08062022/RTOS_workspace02062022/RTOS_workspace/NUCLEO-G491RE_Myproject/ThirdParty/FreeRTOS/include" -I../Drivers/STM32G4xx_HAL_Driver/Inc -I../Drivers/STM32G4xx_HAL_Driver/Inc/Legacy -I../Drivers/CMSIS/Device/ST/STM32G4xx/Include -I../Drivers/CMSIS/Include -O0 -ffunction-sections -fdata-sections -Wall -fstack-usage -MMD -MP -MF"Core/Src/main.d" -MT"Core/Src/main.o" --specs=nano.specs -mfpu=fpv4-sp-d16 -mfloat-abi=hard -mthumb -o "Core/Src/main.o"
arm-none-eabi-gcc -o "NUCLEO-G491RE_Myproject.elf" @"objects.list"   -mcpu=cortex-m4 -T"C:\Projects\pt61\RTOS_workspace08062022\RTOS_workspace02062022\RTOS_workspace\NUCLEO-G491RE_Myproject\STM32G491RETX_FLASH.ld" --specs=nosys.specs -Wl,-Map="NUCLEO-G491RE_Myproject.map" -Wl,--gc-sections -static --specs=nano.specs -mfpu=fpv4-sp-d16 -mfloat-abi=hard -mthumb -Wl,--start-group -lc -lm -Wl,--end-group
Finished building target: NUCLEO-G491RE_Myproject.elf
 
arm-none-eabi-size   NUCLEO-G491RE_Myproject.elf 
arm-none-eabi-objdump -h -S  NUCLEO-G491RE_Myproject.elf  > "NUCLEO-G491RE_Myproject.list"
   text	   data	    bss	    dec	    hex	filename
  37460	    136	  84752	 122348	  1ddec	NUCLEO-G491RE_Myproject.elf
Finished building: default.size.stdout
 
Finished building: NUCLEO-G491RE_Myproject.list
 
12:03:53 **** Incremental Build of configuration Debug for project NUCLEO-G491RE_Myproject ****
make -j6 all 
arm-none-eabi-gcc "../Core/Src/main.c" -mcpu=cortex-m4 -std=gnu11 -g3 -DDEBUG -DUSE_HAL_DRIVER -DSTM32G491xx -c -I../Core/Inc -I"C:/Projects/pt61/RTOS_workspace08062022/RTOS_workspace02062022/RTOS_workspace/NUCLEO-G491RE_Myproject/ThirdParty/SEGGER/Rec" -I"C:/Projects/pt61/RTOS_workspace08062022/RTOS_workspace02062022/RTOS_workspace/NUCLEO-G491RE_Myproject/ThirdParty/SEGGER/Config" -I"C:/Projects/pt61/RTOS_workspace08062022/RTOS_workspace02062022/RTOS_workspace/NUCLEO-G491RE_Myproject/ThirdParty/SEGGER/OS" -I"C:/Projects/pt61/RTOS_workspace08062022/RTOS_workspace02062022/RTOS_workspace/NUCLEO-G491RE_Myproject/ThirdParty/SEGGER/SEGGER" -I"C:/Projects/pt61/RTOS_workspace08062022/RTOS_workspace02062022/RTOS_workspace/NUCLEO-G491RE_Myproject/ThirdParty/FreeRTOS" -I"C:/Projects/pt61/RTOS_workspace08062022/RTOS_workspace02062022/RTOS_workspace/NUCLEO-G491RE_Myproject/ThirdParty/FreeRTOS/portable/GCC/ARM_CM4F" -I"C:/Projects/pt61/RTOS_workspace08062022/RTOS_workspace02062022/RTOS_workspace/NUCLEO-G491RE_Myproject/ThirdParty/FreeRTOS/include" -I../Drivers/STM32G4xx_HAL_Driver/Inc -I../Drivers/STM32G4xx_HAL_Driver/Inc/Legacy -I../Drivers/CMSIS/Device/ST/STM32G4xx/Include -I../Drivers/CMSIS/Include -O0 -ffunction-sections -fdata-sections -Wall -fstack-usage -MMD -MP -MF"Core/Src/main.d" -MT"Core/Src/main.o" --specs=nano.specs -mfpu=fpv4-sp-d16 -mfloat-abi=hard -mthumb -o "Core/Src/main.o"
arm-none-eabi-gcc -o "NUCLEO-G491RE_Myproject.elf" @"objects.list"   -mcpu=cortex-m4 -T"C:\Projects\pt61\RTOS_workspace08062022\RTOS_workspace02062022\RTOS_workspace\NUCLEO-G491RE_Myproject\STM32G491RETX_FLASH.ld" --specs=nosys.specs -Wl,-Map="NUCLEO-G491RE_Myproject.map" -Wl,--gc-sections -static --specs=nano.specs -mfpu=fpv4-sp-d16 -mfloat-abi=hard -mthumb -Wl,--start-group -lc -lm -Wl,--end-group
Finished building target: NUCLEO-G491RE_Myproject.elf
 
arm-none-eabi-size   NUCLEO-G491RE_Myproject.elf 
arm-none-eabi-objdump -h -S  NUCLEO-G491RE_Myproject.elf  > "NUCLEO-G491RE_Myproject.list"
   text	   data	    bss	    dec	    hex	filename
  37508	    136	  84752	 122396	  1de1c	NUCLEO-G491RE_Myproject.elf
Finished building: default.size.stdout
 
Finished building: NUCLEO-G491RE_Myproject.list
 
