12:03:53 **** Incremental Build of configuration Debug for project NUCLEO-G491RE_Myproject ****
make -j6 all 
arm-none-eabi-gcc "../Core/Src/main.c" -mcpu=cortex-m4 -std=gnu11 -g3 -DDEBUG -DUSE_HAL_DRIVER -DSTM32G491xx -c -I../Core/Inc -I"C:/Projects/pt61/RTOS_workspace08062022/RTOS_workspace02062022/RTOS_workspace/NUCLEO-G491RE_Myproject/ThirdParty/SEGGER/Rec" -I"C:/Projects/pt61/RTOS_workspace08062022/RTOS_workspace02062022/RTOS_workspace/NUCLEO-G491RE_Myproject/ThirdParty/SEGGER/Config" -I"C:/Projects/pt61/RTOS_workspace08062022/RTOS_workspace02062022/RTOS_workspace/NUCLEO-G491RE_Myproject/ThirdParty/SEGGER/OS" -I"C:/Projects/pt61/RTOS_workspace08062022/RTOS_workspace02062022/RTOS_workspace/NUCLEO-G491RE_Myproject/ThirdParty/SEGGER/SEGGER" -I"C:/Projects/pt61/RTOS_workspace08062022/RTOS_workspace02062022/RTOS_workspace/NUCLEO-G491RE_Myproject/ThirdParty/FreeRTOS" -I"C:/Projects/pt61/RTOS_workspace08062022/RTOS_workspace02062022/RTOS_workspace/NUCLEO-G491RE_Myproject/ThirdParty/FreeRTOS/portable/GCC/ARM_CM4F" -I"C:/Projects/pt61/RTOS_workspace08062022/RTOS_workspace02062022/RTOS_workspace/NUCLEO-G491RE_Myproject/ThirdParty/FreeRTOS/include" -I../Drivers/STM32G4xx_HAL_Driver/Inc -I../Drivers/STM32G4xx_HAL_Driver/Inc/Legacy -I../Drivers/CMSIS/Device/ST/STM32G4xx/Include -I../Drivers/CMSIS/Include -O0 -ffunction-sections -fdata-sections -Wall -fstack-usage -MMD -MP -MF"Core/Src/main.d" -MT"Core/Src/main.o" --specs=nano.specs -mfpu=fpv4-sp-d16 -mfloat-abi=hard -mthumb -o "Core/Src/main.o"
arm-none-eabi-gcc -o "NUCLEO-G491RE_Myproject.elf" @"objects.list"   -mcpu=cortex-m4 -T"C:\Projects\pt61\RTOS_workspace08062022\RTOS_workspace02062022\RTOS_workspace\NUCLEO-G491RE_Myproject\STM32G491RETX_FLASH.ld" --specs=nosys.specs -Wl,-Map="NUCLEO-G491RE_Myproject.map" -Wl,--gc-sections -static --specs=nano.specs -mfpu=fpv4-sp-d16 -mfloat-abi=hard -mthumb -Wl,--start-group -lc -lm -Wl,--end-group
Finished building target: NUCLEO-G491RE_Myproject.elf
 
arm-none-eabi-size   NUCLEO-G491RE_Myproject.elf 
arm-none-eabi-objdump -h -S  NUCLEO-G491RE_Myproject.elf  > "NUCLEO-G491RE_Myproject.list"
   text	   data	    bss	    dec	    hex	filename
  37508	    136	  84752	 122396	  1de1c	NUCLEO-G491RE_Myproject.elf
Finished building: default.size.stdout
 
Finished building: NUCLEO-G491RE_Myproject.list
 

12:03:54 Build Finished. 0 errors, 0 warnings. (took 1s.208ms)

